Archive member included to satisfy reference by file (symbol)

C:\Users\cgriffis\AppData\Local\Temp\arduino\sketches\33EF3EC6FA83853433EA1AB0D3F98024/..\..\cores\543a3ef3acd86a1cf2c818821563c606\core.a(IPAddress.cpp.o)
                              C:\Users\cgriffis\AppData\Local\Temp\arduino\sketches\33EF3EC6FA83853433EA1AB0D3F98024\libraries\Ethernet\Ethernet.cpp.o (IPAddress::IPAddress())
C:\Users\cgriffis\AppData\Local\Temp\arduino\sketches\33EF3EC6FA83853433EA1AB0D3F98024/..\..\cores\543a3ef3acd86a1cf2c818821563c606\core.a(Print.cpp.o)
                              C:\Users\cgriffis\AppData\Local\Temp\arduino\sketches\33EF3EC6FA83853433EA1AB0D3F98024\sketch\FeatherM0_Davis_ISS_rx_Ethernet.ino.cpp.o (Print::print(__FlashStringHelper const*))
C:\Users\cgriffis\AppData\Local\Temp\arduino\sketches\33EF3EC6FA83853433EA1AB0D3F98024/..\..\cores\543a3ef3acd86a1cf2c818821563c606\core.a(SERCOM.cpp.o)
                              C:\Users\cgriffis\AppData\Local\Temp\arduino\sketches\33EF3EC6FA83853433EA1AB0D3F98024\core\variant.cpp.o (SERCOM::SERCOM(Sercom*))
C:\Users\cgriffis\AppData\Local\Temp\arduino\sketches\33EF3EC6FA83853433EA1AB0D3F98024/..\..\cores\543a3ef3acd86a1cf2c818821563c606\core.a(CDC.cpp.o)
                              C:\Users\cgriffis\AppData\Local\Temp\arduino\sketches\33EF3EC6FA83853433EA1AB0D3F98024\sketch\SerialCommand.cpp.o (Serial_::available())
C:\Users\cgriffis\AppData\Local\Temp\arduino\sketches\33EF3EC6FA83853433EA1AB0D3F98024/..\..\cores\543a3ef3acd86a1cf2c818821563c606\core.a(USBCore.cpp.o)
                              C:\Users\cgriffis\AppData\Local\Temp\arduino\sketches\33EF3EC6FA83853433EA1AB0D3F98024/..\..\cores\543a3ef3acd86a1cf2c818821563c606\core.a(CDC.cpp.o) (USBDeviceClass::available(unsigned long))
C:\Users\cgriffis\AppData\Local\Temp\arduino\sketches\33EF3EC6FA83853433EA1AB0D3F98024/..\..\cores\543a3ef3acd86a1cf2c818821563c606\core.a(Uart.cpp.o)
                              C:\Users\cgriffis\AppData\Local\Temp\arduino\sketches\33EF3EC6FA83853433EA1AB0D3F98024\core\variant.cpp.o (Uart::Uart(SERCOM*, unsigned char, unsigned char, SercomRXPad, SercomUartTXPad))
C:\Users\cgriffis\AppData\Local\Temp\arduino\sketches\33EF3EC6FA83853433EA1AB0D3F98024/..\..\cores\543a3ef3acd86a1cf2c818821563c606\core.a(WInterrupts.c.o)
                              C:\Users\cgriffis\AppData\Local\Temp\arduino\sketches\33EF3EC6FA83853433EA1AB0D3F98024\sketch\DavisRFM69.cpp.o (attachInterrupt)
C:\Users\cgriffis\AppData\Local\Temp\arduino\sketches\33EF3EC6FA83853433EA1AB0D3F98024/..\..\cores\543a3ef3acd86a1cf2c818821563c606\core.a(WMath.cpp.o)
                              C:\Users\cgriffis\AppData\Local\Temp\arduino\sketches\33EF3EC6FA83853433EA1AB0D3F98024\libraries\Ethernet\Dhcp.cpp.o (random(long, long))
C:\Users\cgriffis\AppData\Local\Temp\arduino\sketches\33EF3EC6FA83853433EA1AB0D3F98024/..\..\cores\543a3ef3acd86a1cf2c818821563c606\core.a(abi.cpp.o)
                              C:\Users\cgriffis\AppData\Local\Temp\arduino\sketches\33EF3EC6FA83853433EA1AB0D3F98024/..\..\cores\543a3ef3acd86a1cf2c818821563c606\core.a(Print.cpp.o) (__cxa_pure_virtual)
C:\Users\cgriffis\AppData\Local\Temp\arduino\sketches\33EF3EC6FA83853433EA1AB0D3F98024/..\..\cores\543a3ef3acd86a1cf2c818821563c606\core.a(cortex_handlers.c.o)
                              (Reset_Handler)
C:\Users\cgriffis\AppData\Local\Temp\arduino\sketches\33EF3EC6FA83853433EA1AB0D3F98024/..\..\cores\543a3ef3acd86a1cf2c818821563c606\core.a(delay.c.o)
                              C:\Users\cgriffis\AppData\Local\Temp\arduino\sketches\33EF3EC6FA83853433EA1AB0D3F98024\libraries\Ethernet\Dhcp.cpp.o (millis)
C:\Users\cgriffis\AppData\Local\Temp\arduino\sketches\33EF3EC6FA83853433EA1AB0D3F98024/..\..\cores\543a3ef3acd86a1cf2c818821563c606\core.a(hooks.c.o)
                              C:\Users\cgriffis\AppData\Local\Temp\arduino\sketches\33EF3EC6FA83853433EA1AB0D3F98024\libraries\Ethernet\socket.cpp.o (yield)
C:\Users\cgriffis\AppData\Local\Temp\arduino\sketches\33EF3EC6FA83853433EA1AB0D3F98024/..\..\cores\543a3ef3acd86a1cf2c818821563c606\core.a(main.cpp.o)
                              c:/users/cgriffis/appdata/local/arduino15/packages/adafruit/tools/arm-none-eabi-gcc/9-2019q4/bin/../lib/gcc/arm-none-eabi/9.2.1/../../../../arm-none-eabi/lib/thumb/v6-m/nofp/crt0.o (main)
C:\Users\cgriffis\AppData\Local\Temp\arduino\sketches\33EF3EC6FA83853433EA1AB0D3F98024/..\..\cores\543a3ef3acd86a1cf2c818821563c606\core.a(new.cpp.o)
                              C:\Users\cgriffis\AppData\Local\Temp\arduino\sketches\33EF3EC6FA83853433EA1AB0D3F98024/..\..\cores\543a3ef3acd86a1cf2c818821563c606\core.a(USBCore.cpp.o) (operator new(unsigned int))
C:\Users\cgriffis\AppData\Local\Temp\arduino\sketches\33EF3EC6FA83853433EA1AB0D3F98024/..\..\cores\543a3ef3acd86a1cf2c818821563c606\core.a(startup.c.o)
[...]
Memory Configuration

Name             Origin             Length             Attributes
FLASH            0x00002000         0x0003e000         xr
RAM              0x20000000         0x00008000         xrw
*default*        0x00000000         0xffffffff

Linker script and memory map

LOAD c:/users/cgriffis/appdata/local/arduino15/packages/adafruit/tools/arm-none-eabi-gcc/9-2019q4/bin/../lib/gcc/arm-none-eabi/9.2.1/thumb/v6-m/nofp/crti.o
LOAD c:/users/cgriffis/appdata/local/arduino15/packages/adafruit/tools/arm-none-eabi-gcc/9-2019q4/bin/../lib/gcc/arm-none-eabi/9.2.1/thumb/v6-m/nofp/crtbegin.o
LOAD c:/users/cgriffis/appdata/local/arduino15/packages/adafruit/tools/arm-none-eabi-gcc/9-2019q4/bin/../lib/gcc/arm-none-eabi/9.2.1/../../../../arm-none-eabi/lib/thumb/v6-m/nofp/crt0.o
LOAD C:\Users\cgriffis\AppData\Local\Temp\arduino\sketches\33EF3EC6FA83853433EA1AB0D3F98024\sketch\DavisRFM69.cpp.o
LOAD C:\Users\cgriffis\AppData\Local\Temp\arduino\sketches\33EF3EC6FA83853433EA1AB0D3F98024\sketch\FeatherM0_Davis_ISS_rx_Ethernet.ino.cpp.o
LOAD C:\Users\cgriffis\AppData\Local\Temp\arduino\sketches\33EF3EC6FA83853433EA1AB0D3F98024\sketch\PacketFifo.cpp.o
LOAD C:\Users\cgriffis\AppData\Local\Temp\arduino\sketches\33EF3EC6FA83853433EA1AB0D3F98024\sketch\SerialCommand.cpp.o
LOAD C:\Users\cgriffis\AppData\Local\Temp\arduino\sketches\33EF3EC6FA83853433EA1AB0D3F98024\libraries\Ethernet\Dhcp.cpp.o
LOAD C:\Users\cgriffis\AppData\Local\Temp\arduino\sketches\33EF3EC6FA83853433EA1AB0D3F98024\libraries\Ethernet\Dns.cpp.o
LOAD C:\Users\cgriffis\AppData\Local\Temp\arduino\sketches\33EF3EC6FA83853433EA1AB0D3F98024\libraries\Ethernet\Ethernet.cpp.o
LOAD C:\Users\cgriffis\AppData\Local\Temp\arduino\sketches\33EF3EC6FA83853433EA1AB0D3F98024\libraries\Ethernet\EthernetClient.cpp.o
LOAD C:\Users\cgriffis\AppData\Local\Temp\arduino\sketches\33EF3EC6FA83853433EA1AB0D3F98024\libraries\Ethernet\EthernetServer.cpp.o
LOAD C:\Users\cgriffis\AppData\Local\Temp\arduino\sketches\33EF3EC6FA83853433EA1AB0D3F98024\libraries\Ethernet\EthernetUdp.cpp.o
LOAD C:\Users\cgriffis\AppData\Local\Temp\arduino\sketches\33EF3EC6FA83853433EA1AB0D3F98024\libraries\Ethernet\socket.cpp.o
LOAD C:\Users\cgriffis\AppData\Local\Temp\arduino\sketches\33EF3EC6FA83853433EA1AB0D3F98024\libraries\Ethernet\utility\w5100.cpp.o
LOAD C:\Users\cgriffis\AppData\Local\Temp\arduino\sketches\33EF3EC6FA83853433EA1AB0D3F98024\libraries\SPI\SPI.cpp.o
LOAD C:\Users\cgriffis\AppData\Local\Temp\arduino\sketches\33EF3EC6FA83853433EA1AB0D3F98024\libraries\Adafruit_ZeroDMA\Adafruit_ZeroDMA.cpp.o
LOAD C:\Users\cgriffis\AppData\Local\Temp\arduino\sketches\33EF3EC6FA83853433EA1AB0D3F98024\libraries\FreeRTOS_SAMD21\croutine.c.o
LOAD C:\Users\cgriffis\AppData\Local\Temp\arduino\sketches\33EF3EC6FA83853433EA1AB0D3F98024\libraries\FreeRTOS_SAMD21\error_hooks.cpp.o
LOAD C:\Users\cgriffis\AppData\Local\Temp\arduino\sketches\33EF3EC6FA83853433EA1AB0D3F98024\libraries\FreeRTOS_SAMD21\event_groups.c.o
LOAD C:\Users\cgriffis\AppData\Local\Temp\arduino\sketches\33EF3EC6FA83853433EA1AB0D3F98024\libraries\FreeRTOS_SAMD21\heap_4bis.c.o
LOAD C:\Users\cgriffis\AppData\Local\Temp\arduino\sketches\33EF3EC6FA83853433EA1AB0D3F98024\libraries\FreeRTOS_SAMD21\idle_hook.c.o
LOAD C:\Users\cgriffis\AppData\Local\Temp\arduino\sketches\33EF3EC6FA83853433EA1AB0D3F98024\libraries\FreeRTOS_SAMD21\list.c.o
LOAD C:\Users\cgriffis\AppData\Local\Temp\arduino\sketches\33EF3EC6FA83853433EA1AB0D3F98024\libraries\FreeRTOS_SAMD21\port.c.o
LOAD C:\Users\cgriffis\AppData\Local\Temp\arduino\sketches\33EF3EC6FA83853433EA1AB0D3F98024\libraries\FreeRTOS_SAMD21\queue.c.o
LOAD C:\Users\cgriffis\AppData\Local\Temp\arduino\sketches\33EF3EC6FA83853433EA1AB0D3F98024\libraries\FreeRTOS_SAMD21\runTimeStats_hooks.c.o
LOAD C:\Users\cgriffis\AppData\Local\Temp\arduino\sketches\33EF3EC6FA83853433EA1AB0D3F98024\libraries\FreeRTOS_SAMD21\stream_buffer.c.o
LOAD C:\Users\cgriffis\AppData\Local\Temp\arduino\sketches\33EF3EC6FA83853433EA1AB0D3F98024\libraries\FreeRTOS_SAMD21\tasks.c.o
LOAD C:\Users\cgriffis\AppData\Local\Temp\arduino\sketches\33EF3EC6FA83853433EA1AB0D3F98024\libraries\FreeRTOS_SAMD21\timers.c.o
LOAD C:\Users\cgriffis\AppData\Local\Temp\arduino\sketches\33EF3EC6FA83853433EA1AB0D3F98024\libraries\Wire\Wire.cpp.o
LOAD C:\Users\cgriffis\AppData\Local\Temp\arduino\sketches\33EF3EC6FA83853433EA1AB0D3F98024\core\variant.cpp.o
START GROUP
LOAD C:\Users\cgriffis\AppData\Local\Arduino15\packages\adafruit\tools\CMSIS\5.4.0/CMSIS/Lib/GCC/\libarm_cortexM0l_math.a
LOAD C:\Users\cgriffis\AppData\Local\Temp\arduino\sketches\33EF3EC6FA83853433EA1AB0D3F98024/..\..\cores\543a3ef3acd86a1cf2c818821563c606\core.a
END GROUP
LOAD c:/users/cgriffis/appdata/local/arduino15/packages/adafruit/tools/arm-none-eabi-gcc/9-2019q4/bin/../lib/gcc/arm-none-eabi/9.2.1/../../../../arm-none-eabi/lib/thumb/v6-m/nofp\libstdc++_nano.a
LOAD c:/users/cgriffis/appdata/local/arduino15/packages/adafruit/tools/arm-none-eabi-gcc/9-2019q4/bin/../lib/gcc/arm-none-eabi/9.2.1/../../../../arm-none-eabi/lib/thumb/v6-m/nofp\libm.a
START GROUP
LOAD c:/users/cgriffis/appdata/local/arduino15/packages/adafruit/tools/arm-none-eabi-gcc/9-2019q4/bin/../lib/gcc/arm-none-eabi/9.2.1/thumb/v6-m/nofp\libgcc.a
LOAD c:/users/cgriffis/appdata/local/arduino15/packages/adafruit/tools/arm-none-eabi-gcc/9-2019q4/bin/../lib/gcc/arm-none-eabi/9.2.1/../../../../arm-none-eabi/lib/thumb/v6-m/nofp\libc_nano.a
END GROUP
START GROUP
LOAD c:/users/cgriffis/appdata/local/arduino15/packages/adafruit/tools/arm-none-eabi-gcc/9-2019q4/bin/../lib/gcc/arm-none-eabi/9.2.1/thumb/v6-m/nofp\libgcc.a
LOAD c:/users/cgriffis/appdata/local/arduino15/packages/adafruit/tools/arm-none-eabi-gcc/9-2019q4/bin/../lib/gcc/arm-none-eabi/9.2.1/../../../../arm-none-eabi/lib/thumb/v6-m/nofp\libc_nano.a
LOAD c:/users/cgriffis/appdata/local/arduino15/packages/adafruit/tools/arm-none-eabi-gcc/9-2019q4/bin/../lib/gcc/arm-none-eabi/9.2.1/../../../../arm-none-eabi/lib/thumb/v6-m/nofp\libnosys.a
END GROUP
START GROUP
LOAD c:/users/cgriffis/appdata/local/arduino15/packages/adafruit/tools/arm-none-eabi-gcc/9-2019q4/bin/../lib/gcc/arm-none-eabi/9.2.1/thumb/v6-m/nofp\libgcc.a
LOAD c:/users/cgriffis/appdata/local/arduino15/packages/adafruit/tools/arm-none-eabi-gcc/9-2019q4/bin/../lib/gcc/arm-none-eabi/9.2.1/../../../../arm-none-eabi/lib/thumb/v6-m/nofp\libc_nano.a
LOAD c:/users/cgriffis/appdata/local/arduino15/packages/adafruit/tools/arm-none-eabi-gcc/9-2019q4/bin/../lib/gcc/arm-none-eabi/9.2.1/../../../../arm-none-eabi/lib/thumb/v6-m/nofp\libnosys.a
END GROUP
LOAD c:/users/cgriffis/appdata/local/arduino15/packages/adafruit/tools/arm-none-eabi-gcc/9-2019q4/bin/../lib/gcc/arm-none-eabi/9.2.1/thumb/v6-m/nofp/crtend.o
LOAD c:/users/cgriffis/appdata/local/arduino15/packages/adafruit/tools/arm-none-eabi-gcc/9-2019q4/bin/../lib/gcc/arm-none-eabi/9.2.1/thumb/v6-m/nofp/crtn.o

.text           0x00002000     0x9fa0
                0x00002000                __text_start__ = .
 *(.sketch_boot)
                0x00002000                . = ALIGN (0x2000)
 *(.isr_vector)
 .isr_vector    0x00002000       0xb4 C:\Users\cgriffis\AppData\Local\Temp\arduino\sketches\33EF3EC6FA83853433EA1AB0D3F98024/..\..\cores\543a3ef3acd86a1cf2c818821563c606\core.a(cortex_handlers.c.o)
                0x00002000                exception_table
 *(.text*)
 .text          0x000020b4       0x48 c:/users/cgriffis/appdata/local/arduino15/packages/adafruit/tools/arm-none-eabi-gcc/9-2019q4/bin/../lib/gcc/arm-none-eabi/9.2.1/thumb/v6-m/nofp/crtbegin.o
 .text._ZN10DavisRFM694isr0Ev
                0x000020fc       0x14 C:\Users\cgriffis\AppData\Local\Temp\arduino\sketches\33EF3EC6FA83853433EA1AB0D3F98024\sketch\DavisRFM69.cpp.o
                0x000020fc                DavisRFM69::isr0()
 .text._ZN10DavisRFM6911setStationsEP7Stationh
                0x00002110       0x14 C:\Users\cgriffis\AppData\Local\Temp\arduino\sketches\33EF3EC6FA83853433EA1AB0D3F98024\sketch\DavisRFM69.cpp.o
                0x00002110                DavisRFM69::setStations(Station*, unsigned char)
 .text._ZN10DavisRFM6911findStationEh
                0x00002124       0x30 C:\Users\cgriffis\AppData\Local\Temp\arduino\sketches\33EF3EC6FA83853433EA1AB0D3F98024\sketch\DavisRFM69.cpp.o
                0x00002124                DavisRFM69::findStation(unsigned char)
 .text._ZN10DavisRFM6912initStationsEv
                0x00002154       0x70 C:\Users\cgriffis\AppData\Local\Temp\arduino\sketches\33EF3EC6FA83853433EA1AB0D3F98024\sketch\DavisRFM69.cpp.o
                0x00002154                DavisRFM69::initStations()
 .text._ZN10DavisRFM6911reverseBitsEh
                0x000021c4       0x28 C:\Users\cgriffis\AppData\Local\Temp\arduino\sketches\33EF3EC6FA83853433EA1AB0D3F98024\sketch\DavisRFM69.cpp.o
                0x000021c4                DavisRFM69::reverseBits(unsigned char)
 .text._ZN10DavisRFM6911crc16_ccittEPVhht
                0x000021ec       0x34 C:\Users\cgriffis\AppData\Local\Temp\arduino\sketches\33EF3EC6FA83853433EA1AB0D3F98024\sketch\DavisRFM69.cpp.o
                0x000021ec                DavisRFM69::crc16_ccitt(unsigned char volatile*, unsigned char, unsigned short)
 .text._ZN10DavisRFM696selectEv
                0x00002220       0x10 C:\Users\cgriffis\AppData\Local\Temp\arduino\sketches\33EF3EC6FA83853433EA1AB0D3F98024\sketch\DavisRFM69.cpp.o
                0x00002220                DavisRFM69::select()
 .text._ZN10DavisRFM698unselectEv
                0x00002230       0x10 C:\Users\cgriffis\AppData\Local\Temp\arduino\sketches\33EF3EC6FA83853433EA1AB0D3F98024\sketch\DavisRFM69.cpp.o
                0x00002230                DavisRFM69::unselect()
 .text._ZN10DavisRFM697readRegEh
                0x00002240       0x30 C:\Users\cgriffis\AppData\Local\Temp\arduino\sketches\33EF3EC6FA83853433EA1AB0D3F98024\sketch\DavisRFM69.cpp.o
                0x00002240                DavisRFM69::readReg(unsigned char)
 .text._ZN10DavisRFM698writeRegEhh
                0x00002270       0x2c C:\Users\cgriffis\AppData\Local\Temp\arduino\sketches\33EF3EC6FA83853433EA1AB0D3F98024\sketch\DavisRFM69.cpp.o
                0x00002270                DavisRFM69::writeReg(unsigned char, unsigned char)
 .text._ZN10DavisRFM698readRSSIEb
                0x0000229c       0x2c C:\Users\cgriffis\AppData\Local\Temp\arduino\sketches\33EF3EC6FA83853433EA1AB0D3F98024\sketch\DavisRFM69.cpp.o
                0x0000229c                DavisRFM69::readRSSI(bool)
 .text._ZN10DavisRFM6912setHighPowerEb
                0x000022c8       0x42 C:\Users\cgriffis\AppData\Local\Temp\arduino\sketches\33EF3EC6FA83853433EA1AB0D3F98024\sketch\DavisRFM69.cpp.o
                0x000022c8                DavisRFM69::setHighPower(bool)
 .text._ZN10DavisRFM6916setHighPowerRegsEb
                0x0000230a       0x26 C:\Users\cgriffis\AppData\Local\Temp\arduino\sketches\33EF3EC6FA83853433EA1AB0D3F98024\sketch\DavisRFM69.cpp.o
                0x0000230a                DavisRFM69::setHighPowerRegs(bool)
 .text._ZN10DavisRFM697setModeEh
                0x00002330       0xf0 C:\Users\cgriffis\AppData\Local\Temp\arduino\sketches\33EF3EC6FA83853433EA1AB0D3F98024\sketch\DavisRFM69.cpp.o
                0x00002330                DavisRFM69::setMode(unsigned char)
 .text._ZN10DavisRFM6912receiveBeginEv
                0x00002420       0x44 C:\Users\cgriffis\AppData\Local\Temp\arduino\sketches\33EF3EC6FA83853433EA1AB0D3F98024\sketch\DavisRFM69.cpp.o
                0x00002420                DavisRFM69::receiveBegin()
 .text._ZN10DavisRFM6910setChannelEh
                0x00002464       0x88 C:\Users\cgriffis\AppData\Local\Temp\arduino\sketches\33EF3EC6FA83853433EA1AB0D3F98024\sketch\DavisRFM69.cpp.o
                0x00002464                DavisRFM69::setChannel(unsigned char)
 .text._ZN10DavisRFM6910initializeEh
                0x000024ec       0xf8 C:\Users\cgriffis\AppData\Local\Temp\arduino\sketches\33EF3EC6FA83853433EA1AB0D3F98024\sketch\DavisRFM69.cpp.o
                0x000024ec                DavisRFM69::initialize(unsigned char)
 .text._ZN10DavisRFM694loopEv
                0x000025e4      0x444 C:\Users\cgriffis\AppData\Local\Temp\arduino\sketches\33EF3EC6FA83853433EA1AB0D3F98024\sketch\DavisRFM69.cpp.o
                0x000025e4                DavisRFM69::loop()
 .text._ZN10DavisRFM6914handleRadioIntEv
                0x00002a28      0x234 C:\Users\cgriffis\AppData\Local\Temp\arduino\sketches\33EF3EC6FA83853433EA1AB0D3F98024\sketch\DavisRFM69.cpp.o
                0x00002a28                DavisRFM69::handleRadioInt()
 .text._ZN10DavisRFM6916interruptHandlerEv
                0x00002c5c       0xa4 C:\Users\cgriffis\AppData\Local\Temp\arduino\sketches\33EF3EC6FA83853433EA1AB0D3F98024\sketch\DavisRFM69.cpp.o
                0x00002c5c                DavisRFM69::interruptHandler()
 .text._ZN10DavisRFM6912setBandwidthEh
                0x00002d00       0x2e C:\Users\cgriffis\AppData\Local\Temp\arduino\sketches\33EF3EC6FA83853433EA1AB0D3F98024\sketch\DavisRFM69.cpp.o
                0x00002d00                DavisRFM69::setBandwidth(unsigned char)
 *fill*         0x00002d2e        0x2 
 .text.setup    0x00002d30       0xac C:\Users\cgriffis\AppData\Local\Temp\arduino\sketches\33EF3EC6FA83853433EA1AB0D3F98024\sketch\FeatherM0_Davis_ISS_rx_Ethernet.ino.cpp.o
                0x00002d30                setup
 .text.loop     0x00002ddc        0x2 C:\Users\cgriffis\AppData\Local\Temp\arduino\sketches\33EF3EC6FA83853433EA1AB0D3F98024\sketch\FeatherM0_Davis_ISS_rx_Ethernet.ino.cpp.o
                0x00002ddc                loop
 .text._Z5Blinkhi
                0x00002dde       0x24 C:\Users\cgriffis\AppData\Local\Temp\arduino\sketches\33EF3EC6FA83853433EA1AB0D3F98024\sketch\FeatherM0_Davis_ISS_rx_Ethernet.ino.cpp.o
                0x00002dde                Blink(unsigned char, int)
 *fill*         0x00002e02        0x2 
 .text._Z11print_valuePcS_PK19__FlashStringHelper
                0x00002e04       0x34 C:\Users\cgriffis\AppData\Local\Temp\arduino\sketches\33EF3EC6FA83853433EA1AB0D3F98024\sketch\FeatherM0_Davis_ISS_rx_Ethernet.ino.cpp.o
                0x00002e04                print_value(char*, char*, __FlashStringHelper const*)
 .text._Z11print_valuePciPK19__FlashStringHelper
                0x00002e38       0x34 C:\Users\cgriffis\AppData\Local\Temp\arduino\sketches\33EF3EC6FA83853433EA1AB0D3F98024\sketch\FeatherM0_Davis_ISS_rx_Ethernet.ino.cpp.o
                0x00002e38                print_value(char*, int, __FlashStringHelper const*)
 .text._Z11print_valuePcfPK19__FlashStringHelper
                0x00002e6c       0x40 C:\Users\cgriffis\AppData\Local\Temp\arduino\sketches\33EF3EC6FA83853433EA1AB0D3F98024\sketch\FeatherM0_Davis_ISS_rx_Ethernet.ino.cpp.o
                0x00002e6c                print_value(char*, float, __FlashStringHelper const*)
 .text._Z11print_valuePclPK19__FlashStringHelper
                0x00002eac       0x34 C:\Users\cgriffis\AppData\Local\Temp\arduino\sketches\33EF3EC6FA83853433EA1AB0D3F98024\sketch\FeatherM0_Davis_ISS_rx_Ethernet.ino.cpp.o
                0x00002eac                print_value(char*, long, __FlashStringHelper const*)
 .text._Z11print_valuePcmPK19__FlashStringHelper
                0x00002ee0       0x34 C:\Users\cgriffis\AppData\Local\Temp\arduino\sketches\33EF3EC6FA83853433EA1AB0D3F98024\sketch\FeatherM0_Davis_ISS_rx_Ethernet.ino.cpp.o
                0x00002ee0                print_value(char*, unsigned long, __FlashStringHelper const*)
 .text._Z8printHexPVhh
                0x00002f14       0x48 C:\Users\cgriffis\AppData\Local\Temp\arduino\sketches\33EF3EC6FA83853433EA1AB0D3F98024\sketch\FeatherM0_Davis_ISS_rx_Ethernet.ino.cpp.o
                0x00002f14                printHex(unsigned char volatile*, unsigned char)
 .text._Z13decode_packetP9RadioData
                0x00002f5c      0x41c C:\Users\cgriffis\AppData\Local\Temp\arduino\sketches\33EF3EC6FA83853433EA1AB0D3F98024\sketch\FeatherM0_Davis_ISS_rx_Ethernet.ino.cpp.o
                0x00002f5c                decode_packet(RadioData*)
 .text._ZL14xReadRadioTaskPv
                0x00003378       0x64 C:\Users\cgriffis\AppData\Local\Temp\arduino\sketches\33EF3EC6FA83853433EA1AB0D3F98024\sketch\FeatherM0_Davis_ISS_rx_Ethernet.ino.cpp.o
 .text.startup._GLOBAL__sub_I_radio
                0x000033dc       0x50 C:\Users\cgriffis\AppData\Local\Temp\arduino\sketches\33EF3EC6FA83853433EA1AB0D3F98024\sketch\FeatherM0_Davis_ISS_rx_Ethernet.ino.cpp.o
 .text._ZN10PacketFifo5queueEPhhhsm
                0x0000342c       0x72 C:\Users\cgriffis\AppData\Local\Temp\arduino\sketches\33EF3EC6FA83853433EA1AB0D3F98024\sketch\PacketFifo.cpp.o
                0x0000342c                PacketFifo::queue(unsigned char*, unsigned char, unsigned char, short, unsigned long)
 .text._ZN10PacketFifo7dequeueEv
                0x0000349e       0x2a C:\Users\cgriffis\AppData\Local\Temp\arduino\sketches\33EF3EC6FA83853433EA1AB0D3F98024\sketch\PacketFifo.cpp.o
                0x0000349e                PacketFifo::dequeue()
 .text._ZN10PacketFifo5flushEv
                0x000034c8       0x12 C:\Users\cgriffis\AppData\Local\Temp\arduino\sketches\33EF3EC6FA83853433EA1AB0D3F98024\sketch\PacketFifo.cpp.o
                0x000034c8                PacketFifo::flush()
 .text._ZN10PacketFifo11hasElementsEv
                0x000034da        0xc C:\Users\cgriffis\AppData\Local\Temp\arduino\sketches\33EF3EC6FA83853433EA1AB0D3F98024\sketch\PacketFifo.cpp.o
                0x000034da                PacketFifo::hasElements()
 *fill*         0x000034e6        0x2 
 .text.startup._GLOBAL__sub_I__ZN9DhcpClass13beginWithDHCPEPhmm
                0x000034e8       0x18 C:\Users\cgriffis\AppData\Local\Temp\arduino\sketches\33EF3EC6FA83853433EA1AB0D3F98024\libraries\Ethernet\Dhcp.cpp.o
 .text.startup._GLOBAL__sub_I__ZN9DNSClient5beginERK9IPAddress
                0x00003500       0x18 C:\Users\cgriffis\AppData\Local\Temp\arduino\sketches\33EF3EC6FA83853433EA1AB0D3F98024\libraries\Ethernet\Dns.cpp.o
 .text.startup._GLOBAL__sub_I__ZN13EthernetClass17_dnsServerAddressE
                0x00003518       0x20 C:\Users\cgriffis\AppData\Local\Temp\arduino\sketches\33EF3EC6FA83853433EA1AB0D3F98024\libraries\Ethernet\Ethernet.cpp.o
 .text.startup._GLOBAL__sub_I__ZN14EthernetClient7connectEPKct
                0x00003538       0x18 C:\Users\cgriffis\AppData\Local\Temp\arduino\sketches\33EF3EC6FA83853433EA1AB0D3F98024\libraries\Ethernet\EthernetClient.cpp.o
 .text._ZN5Print17availableForWriteEv
                0x00003550        0x4 C:\Users\cgriffis\AppData\Local\Temp\arduino\sketches\33EF3EC6FA83853433EA1AB0D3F98024\libraries\Ethernet\EthernetServer.cpp.o
                0x00003550                Print::availableForWrite()
 .text.startup._GLOBAL__sub_I__ZN14EthernetServer11server_portE
                0x00003554       0x18 C:\Users\cgriffis\AppData\Local\Temp\arduino\sketches\33EF3EC6FA83853433EA1AB0D3F98024\libraries\Ethernet\EthernetServer.cpp.o
 .text.startup._GLOBAL__sub_I__ZN11EthernetUDP5beginEt
                0x0000356c       0x18 C:\Users\cgriffis\AppData\Local\Temp\arduino\sketches\33EF3EC6FA83853433EA1AB0D3F98024\libraries\Ethernet\EthernetUdp.cpp.o
 .text.startup._GLOBAL__sub_I__ZN13EthernetClass14socketPortRandEt
                0x00003584       0x18 C:\Users\cgriffis\AppData\Local\Temp\arduino\sketches\33EF3EC6FA83853433EA1AB0D3F98024\libraries\Ethernet\socket.cpp.o
 .text.startup._GLOBAL__sub_I__ZN10W5100Class4chipE
                0x0000359c       0x18 C:\Users\cgriffis\AppData\Local\Temp\arduino\sketches\33EF3EC6FA83853433EA1AB0D3F98024\libraries\Ethernet\utility\w5100.cpp.o
 .text._ZN8SPIClass11dmaCallbackEP16Adafruit_ZeroDMA
                0x000035b4       0x18 C:\Users\cgriffis\AppData\Local\Temp\arduino\sketches\33EF3EC6FA83853433EA1AB0D3F98024\libraries\SPI\SPI.cpp.o
                0x000035b4                SPIClass::dmaCallback(Adafruit_ZeroDMA*)
 .text._ZN8SPIClassC2EP6SERCOMhhh14SercomSpiTXPad11SercomRXPad
                0x000035cc       0x74 C:\Users\cgriffis\AppData\Local\Temp\arduino\sketches\33EF3EC6FA83853433EA1AB0D3F98024\libraries\SPI\SPI.cpp.o
                0x000035cc                SPIClass::SPIClass(SERCOM*, unsigned char, unsigned char, unsigned char, SercomSpiTXPad, SercomRXPad)
                0x000035cc                SPIClass::SPIClass(SERCOM*, unsigned char, unsigned char, unsigned char, SercomSpiTXPad, SercomRXPad)
 .text._ZN8SPIClass6configE11SPISettings
                0x00003640       0x36 C:\Users\cgriffis\AppData\Local\Temp\arduino\sketches\33EF3EC6FA83853433EA1AB0D3F98024\libraries\SPI\SPI.cpp.o
                0x00003640                SPIClass::config(SPISettings)
 .text._ZN8SPIClass8transferEh
                0x00003676        0xa C:\Users\cgriffis\AppData\Local\Temp\arduino\sketches\33EF3EC6FA83853433EA1AB0D3F98024\libraries\SPI\SPI.cpp.o
                0x00003676                SPIClass::transfer(unsigned char)
 .text._ZN8SPIClass15getDataRegisterEv
                0x00003680       0x20 C:\Users\cgriffis\AppData\Local\Temp\arduino\sketches\33EF3EC6FA83853433EA1AB0D3F98024\libraries\SPI\SPI.cpp.o
                0x00003680                SPIClass::getDataRegister()
 .text._ZN8SPIClass13getDMAC_ID_TXEv
                0x000036a0       0x24 C:\Users\cgriffis\AppData\Local\Temp\arduino\sketches\33EF3EC6FA83853433EA1AB0D3F98024\libraries\SPI\SPI.cpp.o
                0x000036a0                SPIClass::getDMAC_ID_TX()
 .text._ZN8SPIClass13getDMAC_ID_RXEv
                0x000036c4       0x24 C:\Users\cgriffis\AppData\Local\Temp\arduino\sketches\33EF3EC6FA83853433EA1AB0D3F98024\libraries\SPI\SPI.cpp.o
                0x000036c4                SPIClass::getDMAC_ID_RX()
 .text._ZN8SPIClass11dmaAllocateEv
                0x000036e8       0xfc C:\Users\cgriffis\AppData\Local\Temp\arduino\sketches\33EF3EC6FA83853433EA1AB0D3F98024\libraries\SPI\SPI.cpp.o
                0x000036e8                SPIClass::dmaAllocate()
 .text._ZN8SPIClass5beginEv
                0x000037e4       0x68 C:\Users\cgriffis\AppData\Local\Temp\arduino\sketches\33EF3EC6FA83853433EA1AB0D3F98024\libraries\SPI\SPI.cpp.o
                0x000037e4                SPIClass::begin()
 .text.startup._GLOBAL__sub_I__ZN8SPIClassC2EP6SERCOMhhh14SercomSpiTXPad11SercomRXPad
                0x0000384c       0x38 C:\Users\cgriffis\AppData\Local\Temp\arduino\sketches\33EF3EC6FA83853433EA1AB0D3F98024\libraries\SPI\SPI.cpp.o
 .text._ZL22cpu_irq_enter_criticalv
                0x00003884       0x2c C:\Users\cgriffis\AppData\Local\Temp\arduino\sketches\33EF3EC6FA83853433EA1AB0D3F98024\libraries\Adafruit_ZeroDMA\Adafruit_ZeroDMA.cpp.o
 .text._ZL22cpu_irq_leave_criticalv
                0x000038b0       0x2c C:\Users\cgriffis\AppData\Local\Temp\arduino\sketches\33EF3EC6FA83853433EA1AB0D3F98024\libraries\Adafruit_ZeroDMA\Adafruit_ZeroDMA.cpp.o
 .text._ZN16Adafruit_ZeroDMAC2Ev
                0x000038dc       0x20 C:\Users\cgriffis\AppData\Local\Temp\arduino\sketches\33EF3EC6FA83853433EA1AB0D3F98024\libraries\Adafruit_ZeroDMA\Adafruit_ZeroDMA.cpp.o
                0x000038dc                Adafruit_ZeroDMA::Adafruit_ZeroDMA()
                0x000038dc                Adafruit_ZeroDMA::Adafruit_ZeroDMA()
 .text._ZN16Adafruit_ZeroDMA11_IRQhandlerEh
                0x000038fc       0x44 C:\Users\cgriffis\AppData\Local\Temp\arduino\sketches\33EF3EC6FA83853433EA1AB0D3F98024\libraries\Adafruit_ZeroDMA\Adafruit_ZeroDMA.cpp.o
                0x000038fc                Adafruit_ZeroDMA::_IRQhandler(unsigned char)
 .text.DMAC_Handler
                0x00003940       0x48 C:\Users\cgriffis\AppData\Local\Temp\arduino\sketches\33EF3EC6FA83853433EA1AB0D3F98024\libraries\Adafruit_ZeroDMA\Adafruit_ZeroDMA.cpp.o
                0x00003940                DMAC_Handler
 .text._ZN16Adafruit_ZeroDMA8allocateEv
                0x00003988      0x134 C:\Users\cgriffis\AppData\Local\Temp\arduino\sketches\33EF3EC6FA83853433EA1AB0D3F98024\libraries\Adafruit_ZeroDMA\Adafruit_ZeroDMA.cpp.o
                0x00003988                Adafruit_ZeroDMA::allocate()
 .text._ZN16Adafruit_ZeroDMA4freeEv
                0x00003abc       0x84 C:\Users\cgriffis\AppData\Local\Temp\arduino\sketches\33EF3EC6FA83853433EA1AB0D3F98024\libraries\Adafruit_ZeroDMA\Adafruit_ZeroDMA.cpp.o
                0x00003abc                Adafruit_ZeroDMA::free()
 .text._ZN16Adafruit_ZeroDMA11setCallbackEPFvPS_E17dma_callback_type
                0x00003b40        0x8 C:\Users\cgriffis\AppData\Local\Temp\arduino\sketches\33EF3EC6FA83853433EA1AB0D3F98024\libraries\Adafruit_ZeroDMA\Adafruit_ZeroDMA.cpp.o
                0x00003b40                Adafruit_ZeroDMA::setCallback(void (*)(Adafruit_ZeroDMA*), dma_callback_type)
 .text._ZN16Adafruit_ZeroDMA10setTriggerEh
                0x00003b48       0x48 C:\Users\cgriffis\AppData\Local\Temp\arduino\sketches\33EF3EC6FA83853433EA1AB0D3F98024\libraries\Adafruit_ZeroDMA\Adafruit_ZeroDMA.cpp.o
                0x00003b48                Adafruit_ZeroDMA::setTrigger(unsigned char)
 .text._ZN16Adafruit_ZeroDMA9setActionE27dma_transfer_trigger_action
                0x00003b90       0x48 C:\Users\cgriffis\AppData\Local\Temp\arduino\sketches\33EF3EC6FA83853433EA1AB0D3F98024\libraries\Adafruit_ZeroDMA\Adafruit_ZeroDMA.cpp.o
                0x00003b90                Adafruit_ZeroDMA::setAction(dma_transfer_trigger_action)
 .text._ZN16Adafruit_ZeroDMA10getChannelEv
                0x00003bd8        0x4 C:\Users\cgriffis\AppData\Local\Temp\arduino\sketches\33EF3EC6FA83853433EA1AB0D3F98024\libraries\Adafruit_ZeroDMA\Adafruit_ZeroDMA.cpp.o
                0x00003bd8                Adafruit_ZeroDMA::getChannel()
 .text._ZN16Adafruit_ZeroDMA13addDescriptorEPvS0_m13dma_beat_sizebbmb
                0x00003bdc      0x14c C:\Users\cgriffis\AppData\Local\Temp\arduino\sketches\33EF3EC6FA83853433EA1AB0D3F98024\libraries\Adafruit_ZeroDMA\Adafruit_ZeroDMA.cpp.o
                0x00003bdc                Adafruit_ZeroDMA::addDescriptor(void*, void*, unsigned long, dma_beat_size, bool, bool, unsigned long, bool)
 .text.removePath
                0x00003d28       0x20 C:\Users\cgriffis\AppData\Local\Temp\arduino\sketches\33EF3EC6FA83853433EA1AB0D3F98024\libraries\FreeRTOS_SAMD21\error_hooks.cpp.o
                0x00003d28                removePath
 .text.vNopDelayMS
                0x00003d48       0x14 C:\Users\cgriffis\AppData\Local\Temp\arduino\sketches\33EF3EC6FA83853433EA1AB0D3F98024\libraries\FreeRTOS_SAMD21\error_hooks.cpp.o
                0x00003d48                vNopDelayMS
 .text.errorBlink
                0x00003d5c       0x4c C:\Users\cgriffis\AppData\Local\Temp\arduino\sketches\33EF3EC6FA83853433EA1AB0D3F98024\libraries\FreeRTOS_SAMD21\error_hooks.cpp.o
                0x00003d5c                errorBlink
 .text.rtosFatalError
                0x00003da8        0xc C:\Users\cgriffis\AppData\Local\Temp\arduino\sketches\33EF3EC6FA83853433EA1AB0D3F98024\libraries\FreeRTOS_SAMD21\error_hooks.cpp.o
                0x00003da8                rtosFatalError
 .text.rtosFatalErrorSerial
                0x00003db4       0x6c C:\Users\cgriffis\AppData\Local\Temp\arduino\sketches\33EF3EC6FA83853433EA1AB0D3F98024\libraries\FreeRTOS_SAMD21\error_hooks.cpp.o
                0x00003db4                rtosFatalErrorSerial
 .text.vApplicationMallocFailedHook
                0x00003e20       0x3c C:\Users\cgriffis\AppData\Local\Temp\arduino\sketches\33EF3EC6FA83853433EA1AB0D3F98024\libraries\FreeRTOS_SAMD21\error_hooks.cpp.o
                0x00003e20                vApplicationMallocFailedHook
 .text.vApplicationStackOverflowHook
                0x00003e5c       0x44 C:\Users\cgriffis\AppData\Local\Temp\arduino\sketches\33EF3EC6FA83853433EA1AB0D3F98024\libraries\FreeRTOS_SAMD21\error_hooks.cpp.o
                0x00003e5c                vApplicationStackOverflowHook
 .text.prvInsertBlockIntoFreeList
                0x00003ea0       0x48 C:\Users\cgriffis\AppData\Local\Temp\arduino\sketches\33EF3EC6FA83853433EA1AB0D3F98024\libraries\FreeRTOS_SAMD21\heap_4bis.c.o
 .text.pvPortMalloc
                0x00003ee8      0x128 C:\Users\cgriffis\AppData\Local\Temp\arduino\sketches\33EF3EC6FA83853433EA1AB0D3F98024\libraries\FreeRTOS_SAMD21\heap_4bis.c.o
                0x00003ee8                pvPortMalloc
 .text.vPortFree
                0x00004010       0x74 C:\Users\cgriffis\AppData\Local\Temp\arduino\sketches\33EF3EC6FA83853433EA1AB0D3F98024\libraries\FreeRTOS_SAMD21\heap_4bis.c.o
                0x00004010                vPortFree
 .text.vApplicationIdleHook
                0x00004084        0x8 C:\Users\cgriffis\AppData\Local\Temp\arduino\sketches\33EF3EC6FA83853433EA1AB0D3F98024\libraries\FreeRTOS_SAMD21\idle_hook.c.o
                0x00004084                vApplicationIdleHook
 .text.vListInitialise
                0x0000408c       0x16 C:\Users\cgriffis\AppData\Local\Temp\arduino\sketches\33EF3EC6FA83853433EA1AB0D3F98024\libraries\FreeRTOS_SAMD21\list.c.o
                0x0000408c                vListInitialise
 .text.vListInitialiseItem
                0x000040a2        0x6 C:\Users\cgriffis\AppData\Local\Temp\arduino\sketches\33EF3EC6FA83853433EA1AB0D3F98024\libraries\FreeRTOS_SAMD21\list.c.o
                0x000040a2                vListInitialiseItem
 .text.vListInsertEnd
                0x000040a8       0x18 C:\Users\cgriffis\AppData\Local\Temp\arduino\sketches\33EF3EC6FA83853433EA1AB0D3F98024\libraries\FreeRTOS_SAMD21\list.c.o
                0x000040a8                vListInsertEnd
 .text.vListInsert
                0x000040c0       0x2e C:\Users\cgriffis\AppData\Local\Temp\arduino\sketches\33EF3EC6FA83853433EA1AB0D3F98024\libraries\FreeRTOS_SAMD21\list.c.o
                0x000040c0                vListInsert
 .text.uxListRemove
                0x000040ee       0x20 C:\Users\cgriffis\AppData\Local\Temp\arduino\sketches\33EF3EC6FA83853433EA1AB0D3F98024\libraries\FreeRTOS_SAMD21\list.c.o
                0x000040ee                uxListRemove
 *fill*         0x0000410e        0x2 
 .text.vPortStartFirstTask
                0x00004110       0x34 C:\Users\cgriffis\AppData\Local\Temp\arduino\sketches\33EF3EC6FA83853433EA1AB0D3F98024\libraries\FreeRTOS_SAMD21\port.c.o
 .text.prvTaskExitError
                0x00004144       0x30 C:\Users\cgriffis\AppData\Local\Temp\arduino\sketches\33EF3EC6FA83853433EA1AB0D3F98024\libraries\FreeRTOS_SAMD21\port.c.o
 .text.pxPortInitialiseStack
                0x00004174       0x20 C:\Users\cgriffis\AppData\Local\Temp\arduino\sketches\33EF3EC6FA83853433EA1AB0D3F98024\libraries\FreeRTOS_SAMD21\port.c.o
                0x00004174                pxPortInitialiseStack
 .text.SVC_Handler
                0x00004194        0x2 C:\Users\cgriffis\AppData\Local\Temp\arduino\sketches\33EF3EC6FA83853433EA1AB0D3F98024\libraries\FreeRTOS_SAMD21\port.c.o
                0x00004194                SVC_Handler
 *fill*         0x00004196        0x2 
 .text.sysTickHook
                0x00004198       0x14 C:\Users\cgriffis\AppData\Local\Temp\arduino\sketches\33EF3EC6FA83853433EA1AB0D3F98024\libraries\FreeRTOS_SAMD21\port.c.o
                0x00004198                sysTickHook
 .text.xPortStartScheduler
                0x000041ac       0x60 C:\Users\cgriffis\AppData\Local\Temp\arduino\sketches\33EF3EC6FA83853433EA1AB0D3F98024\libraries\FreeRTOS_SAMD21\port.c.o
                0x000041ac                xPortStartScheduler
 .text.vPortYield
                0x0000420c       0x18 C:\Users\cgriffis\AppData\Local\Temp\arduino\sketches\33EF3EC6FA83853433EA1AB0D3F98024\libraries\FreeRTOS_SAMD21\port.c.o
                0x0000420c                vPortYield
 .text.vPortEnterCritical
                0x00004224       0x18 C:\Users\cgriffis\AppData\Local\Temp\arduino\sketches\33EF3EC6FA83853433EA1AB0D3F98024\libraries\FreeRTOS_SAMD21\port.c.o
                0x00004224                vPortEnterCritical
 .text.vPortExitCritical
                0x0000423c       0x30 C:\Users\cgriffis\AppData\Local\Temp\arduino\sketches\33EF3EC6FA83853433EA1AB0D3F98024\libraries\FreeRTOS_SAMD21\port.c.o
                0x0000423c                vPortExitCritical
 .text.ulSetInterruptMaskFromISR
                0x0000426c        0x8 C:\Users\cgriffis\AppData\Local\Temp\arduino\sketches\33EF3EC6FA83853433EA1AB0D3F98024\libraries\FreeRTOS_SAMD21\port.c.o
                0x0000426c                ulSetInterruptMaskFromISR
 .text.vClearInterruptMaskFromISR
                0x00004274        0x6 C:\Users\cgriffis\AppData\Local\Temp\arduino\sketches\33EF3EC6FA83853433EA1AB0D3F98024\libraries\FreeRTOS_SAMD21\port.c.o
                0x00004274                vClearInterruptMaskFromISR
 *fill*         0x0000427a        0x2 
 .text.xPortSysTickHandler
                0x0000427c       0x24 C:\Users\cgriffis\AppData\Local\Temp\arduino\sketches\33EF3EC6FA83853433EA1AB0D3F98024\libraries\FreeRTOS_SAMD21\port.c.o
                0x0000427c                xPortSysTickHandler
 .text.PendSV_Handler
                0x000042a0       0x44 C:\Users\cgriffis\AppData\Local\Temp\arduino\sketches\33EF3EC6FA83853433EA1AB0D3F98024\libraries\FreeRTOS_SAMD21\port.c.o
                0x000042a0                PendSV_Handler
 .text.prvIsQueueEmpty
                0x000042e4       0x14 C:\Users\cgriffis\AppData\Local\Temp\arduino\sketches\33EF3EC6FA83853433EA1AB0D3F98024\libraries\FreeRTOS_SAMD21\queue.c.o
 .text.prvCopyDataToQueue
                0x000042f8       0x76 C:\Users\cgriffis\AppData\Local\Temp\arduino\sketches\33EF3EC6FA83853433EA1AB0D3F98024\libraries\FreeRTOS_SAMD21\queue.c.o
 *fill*         0x0000436e        0x2 
 .text.prvNotifyQueueSetContainer
                0x00004370       0x80 C:\Users\cgriffis\AppData\Local\Temp\arduino\sketches\33EF3EC6FA83853433EA1AB0D3F98024\libraries\FreeRTOS_SAMD21\queue.c.o
 .text.prvCopyDataFromQueue
                0x000043f0       0x24 C:\Users\cgriffis\AppData\Local\Temp\arduino\sketches\33EF3EC6FA83853433EA1AB0D3F98024\libraries\FreeRTOS_SAMD21\queue.c.o
 .text.prvUnlockQueue
                0x00004414       0x7a C:\Users\cgriffis\AppData\Local\Temp\arduino\sketches\33EF3EC6FA83853433EA1AB0D3F98024\libraries\FreeRTOS_SAMD21\queue.c.o
 *fill*         0x0000448e        0x2 
 .text.xQueueGenericReset
                0x00004490       0x78 C:\Users\cgriffis\AppData\Local\Temp\arduino\sketches\33EF3EC6FA83853433EA1AB0D3F98024\libraries\FreeRTOS_SAMD21\queue.c.o
                0x00004490                xQueueGenericReset
 .text.xQueueGenericCreate
                0x00004508       0x54 C:\Users\cgriffis\AppData\Local\Temp\arduino\sketches\33EF3EC6FA83853433EA1AB0D3F98024\libraries\FreeRTOS_SAMD21\queue.c.o
                0x00004508                xQueueGenericCreate
 .text.xQueueGenericSend
                0x0000455c      0x178 C:\Users\cgriffis\AppData\Local\Temp\arduino\sketches\33EF3EC6FA83853433EA1AB0D3F98024\libraries\FreeRTOS_SAMD21\queue.c.o
                0x0000455c                xQueueGenericSend
 .text.xQueueCreateMutex
                0x000046d4       0x24 C:\Users\cgriffis\AppData\Local\Temp\arduino\sketches\33EF3EC6FA83853433EA1AB0D3F98024\libraries\FreeRTOS_SAMD21\queue.c.o
                0x000046d4                xQueueCreateMutex
 .text.xQueueGenericSendFromISR
                0x000046f8       0xd0 C:\Users\cgriffis\AppData\Local\Temp\arduino\sketches\33EF3EC6FA83853433EA1AB0D3F98024\libraries\FreeRTOS_SAMD21\queue.c.o
                0x000046f8                xQueueGenericSendFromISR
 .text.xQueueReceive
                0x000047c8      0x138 C:\Users\cgriffis\AppData\Local\Temp\arduino\sketches\33EF3EC6FA83853433EA1AB0D3F98024\libraries\FreeRTOS_SAMD21\queue.c.o
                0x000047c8                xQueueReceive
 .text.vQueueAddToRegistry
                0x00004900       0x24 C:\Users\cgriffis\AppData\Local\Temp\arduino\sketches\33EF3EC6FA83853433EA1AB0D3F98024\libraries\FreeRTOS_SAMD21\queue.c.o
                0x00004900                vQueueAddToRegistry
 .text.vQueueWaitForMessageRestricted
                0x00004924       0x4a C:\Users\cgriffis\AppData\Local\Temp\arduino\sketches\33EF3EC6FA83853433EA1AB0D3F98024\libraries\FreeRTOS_SAMD21\queue.c.o
                0x00004924                vQueueWaitForMessageRestricted
 .text.vMainConfigureTimerForRunTimeStats
                0x0000496e        0x2 C:\Users\cgriffis\AppData\Local\Temp\arduino\sketches\33EF3EC6FA83853433EA1AB0D3F98024\libraries\FreeRTOS_SAMD21\runTimeStats_hooks.c.o
                0x0000496e                vMainConfigureTimerForRunTimeStats
 .text.ulMainGetRunTimeCounterValue
                0x00004970        0x8 C:\Users\cgriffis\AppData\Local\Temp\arduino\sketches\33EF3EC6FA83853433EA1AB0D3F98024\libraries\FreeRTOS_SAMD21\runTimeStats_hooks.c.o
                0x00004970                ulMainGetRunTimeCounterValue
 .text.prvResetNextTaskUnblockTime
                0x00004978       0x28 C:\Users\cgriffis\AppData\Local\Temp\arduino\sketches\33EF3EC6FA83853433EA1AB0D3F98024\libraries\FreeRTOS_SAMD21\tasks.c.o
 .text.prvAddCurrentTaskToDelayedList
                0x000049a0       0x70 C:\Users\cgriffis\AppData\Local\Temp\arduino\sketches\33EF3EC6FA83853433EA1AB0D3F98024\libraries\FreeRTOS_SAMD21\tasks.c.o
 .text.prvIdleTask
                0x00004a10       0x5c C:\Users\cgriffis\AppData\Local\Temp\arduino\sketches\33EF3EC6FA83853433EA1AB0D3F98024\libraries\FreeRTOS_SAMD21\tasks.c.o
 .text.xTaskCreate
                0x00004a6c      0x1a4 C:\Users\cgriffis\AppData\Local\Temp\arduino\sketches\33EF3EC6FA83853433EA1AB0D3F98024\libraries\FreeRTOS_SAMD21\tasks.c.o
                0x00004a6c                xTaskCreate
 .text.vTaskStartScheduler
                0x00004c10       0x70 C:\Users\cgriffis\AppData\Local\Temp\arduino\sketches\33EF3EC6FA83853433EA1AB0D3F98024\libraries\FreeRTOS_SAMD21\tasks.c.o
                0x00004c10                vTaskStartScheduler
 .text.vTaskSuspendAll
                0x00004c80       0x10 C:\Users\cgriffis\AppData\Local\Temp\arduino\sketches\33EF3EC6FA83853433EA1AB0D3F98024\libraries\FreeRTOS_SAMD21\tasks.c.o
                0x00004c80                vTaskSuspendAll
 .text.xTaskGetTickCount
                0x00004c90        0xc C:\Users\cgriffis\AppData\Local\Temp\arduino\sketches\33EF3EC6FA83853433EA1AB0D3F98024\libraries\FreeRTOS_SAMD21\tasks.c.o
                0x00004c90                xTaskGetTickCount
 .text.xTaskIncrementTick
                0x00004c9c      0x114 C:\Users\cgriffis\AppData\Local\Temp\arduino\sketches\33EF3EC6FA83853433EA1AB0D3F98024\libraries\FreeRTOS_SAMD21\tasks.c.o
                0x00004c9c                xTaskIncrementTick
 .text.xTaskResumeAll
                0x00004db0       0xe4 C:\Users\cgriffis\AppData\Local\Temp\arduino\sketches\33EF3EC6FA83853433EA1AB0D3F98024\libraries\FreeRTOS_SAMD21\tasks.c.o
                0x00004db0                xTaskResumeAll
 .text.vTaskDelay
                0x00004e94       0x44 C:\Users\cgriffis\AppData\Local\Temp\arduino\sketches\33EF3EC6FA83853433EA1AB0D3F98024\libraries\FreeRTOS_SAMD21\tasks.c.o
                0x00004e94                vTaskDelay
 .text.vTaskSwitchContext
                0x00004ed8       0xc8 C:\Users\cgriffis\AppData\Local\Temp\arduino\sketches\33EF3EC6FA83853433EA1AB0D3F98024\libraries\FreeRTOS_SAMD21\tasks.c.o
                0x00004ed8                vTaskSwitchContext
 .text.vTaskPlaceOnEventList
                0x00004fa0       0x3c C:\Users\cgriffis\AppData\Local\Temp\arduino\sketches\33EF3EC6FA83853433EA1AB0D3F98024\libraries\FreeRTOS_SAMD21\tasks.c.o
                0x00004fa0                vTaskPlaceOnEventList
 .text.vTaskPlaceOnEventListRestricted
                0x00004fdc       0x44 C:\Users\cgriffis\AppData\Local\Temp\arduino\sketches\33EF3EC6FA83853433EA1AB0D3F98024\libraries\FreeRTOS_SAMD21\tasks.c.o
                0x00004fdc                vTaskPlaceOnEventListRestricted
 .text.xTaskRemoveFromEventList
                0x00005020       0x88 C:\Users\cgriffis\AppData\Local\Temp\arduino\sketches\33EF3EC6FA83853433EA1AB0D3F98024\libraries\FreeRTOS_SAMD21\tasks.c.o
                0x00005020                xTaskRemoveFromEventList
 .text.vTaskInternalSetTimeOutState
                0x000050a8       0x18 C:\Users\cgriffis\AppData\Local\Temp\arduino\sketches\33EF3EC6FA83853433EA1AB0D3F98024\libraries\FreeRTOS_SAMD21\tasks.c.o
                0x000050a8                vTaskInternalSetTimeOutState
 .text.xTaskCheckForTimeOut
                0x000050c0       0x84 C:\Users\cgriffis\AppData\Local\Temp\arduino\sketches\33EF3EC6FA83853433EA1AB0D3F98024\libraries\FreeRTOS_SAMD21\tasks.c.o
                0x000050c0                xTaskCheckForTimeOut
 .text.vTaskMissedYield
                0x00005144        0xc C:\Users\cgriffis\AppData\Local\Temp\arduino\sketches\33EF3EC6FA83853433EA1AB0D3F98024\libraries\FreeRTOS_SAMD21\tasks.c.o
                0x00005144                vTaskMissedYield
 .text.xTaskGetSchedulerState
                0x00005150       0x20 C:\Users\cgriffis\AppData\Local\Temp\arduino\sketches\33EF3EC6FA83853433EA1AB0D3F98024\libraries\FreeRTOS_SAMD21\tasks.c.o
                0x00005150                xTaskGetSchedulerState
 .text.xTaskPriorityDisinherit
                0x00005170       0x8c C:\Users\cgriffis\AppData\Local\Temp\arduino\sketches\33EF3EC6FA83853433EA1AB0D3F98024\libraries\FreeRTOS_SAMD21\tasks.c.o
                0x00005170                xTaskPriorityDisinherit
 .text.prvCheckForValidListAndQueue
                0x000051fc       0x5c C:\Users\cgriffis\AppData\Local\Temp\arduino\sketches\33EF3EC6FA83853433EA1AB0D3F98024\libraries\FreeRTOS_SAMD21\timers.c.o
 .text.prvInsertTimerInActiveList
                0x00005258       0x3c C:\Users\cgriffis\AppData\Local\Temp\arduino\sketches\33EF3EC6FA83853433EA1AB0D3F98024\libraries\FreeRTOS_SAMD21\timers.c.o
 .text.xTimerCreateTimerTask
                0x00005294       0x50 C:\Users\cgriffis\AppData\Local\Temp\arduino\sketches\33EF3EC6FA83853433EA1AB0D3F98024\libraries\FreeRTOS_SAMD21\timers.c.o
                0x00005294                xTimerCreateTimerTask
 .text.xTimerGenericCommand
                0x000052e4       0x64 C:\Users\cgriffis\AppData\Local\Temp\arduino\sketches\33EF3EC6FA83853433EA1AB0D3F98024\libraries\FreeRTOS_SAMD21\timers.c.o
                0x000052e4                xTimerGenericCommand
 .text.prvSwitchTimerLists
                0x00005348       0x7c C:\Users\cgriffis\AppData\Local\Temp\arduino\sketches\33EF3EC6FA83853433EA1AB0D3F98024\libraries\FreeRTOS_SAMD21\timers.c.o
 .text.prvTimerTask
                0x000053c4      0x1bc C:\Users\cgriffis\AppData\Local\Temp\arduino\sketches\33EF3EC6FA83853433EA1AB0D3F98024\libraries\FreeRTOS_SAMD21\timers.c.o
 .text._ZN7TwoWire5writeEPKhj
                0x00005580       0x24 C:\Users\cgriffis\AppData\Local\Temp\arduino\sketches\33EF3EC6FA83853433EA1AB0D3F98024\libraries\Wire\Wire.cpp.o
                0x00005580                TwoWire::write(unsigned char const*, unsigned int)
 .text._ZN7TwoWire5flushEv
                0x000055a4        0x2 C:\Users\cgriffis\AppData\Local\Temp\arduino\sketches\33EF3EC6FA83853433EA1AB0D3F98024\libraries\Wire\Wire.cpp.o
                0x000055a4                TwoWire::flush()
 .text._ZN7TwoWire4peekEv
                0x000055a6       0x1a C:\Users\cgriffis\AppData\Local\Temp\arduino\sketches\33EF3EC6FA83853433EA1AB0D3F98024\libraries\Wire\Wire.cpp.o
                0x000055a6                TwoWire::peek()
 .text._ZN7TwoWire9availableEv
                0x000055c0       0x12 C:\Users\cgriffis\AppData\Local\Temp\arduino\sketches\33EF3EC6FA83853433EA1AB0D3F98024\libraries\Wire\Wire.cpp.o
                0x000055c0                TwoWire::available()
 *fill*         0x000055d2        0x2 
 .text._ZN7TwoWireC2EP6SERCOMhh
                0x000055d4       0x5c C:\Users\cgriffis\AppData\Local\Temp\arduino\sketches\33EF3EC6FA83853433EA1AB0D3F98024\libraries\Wire\Wire.cpp.o
                0x000055d4                TwoWire::TwoWire(SERCOM*, unsigned char, unsigned char)
                0x000055d4                TwoWire::TwoWire(SERCOM*, unsigned char, unsigned char)
 .text._ZN11RingBufferNILi256EE10store_charEh
                0x00005630       0x1a C:\Users\cgriffis\AppData\Local\Temp\arduino\sketches\33EF3EC6FA83853433EA1AB0D3F98024\libraries\Wire\Wire.cpp.o
                0x00005630                RingBufferN<256>::store_char(unsigned char)
 .text._ZN7TwoWire5writeEh
                0x0000564a       0x2c C:\Users\cgriffis\AppData\Local\Temp\arduino\sketches\33EF3EC6FA83853433EA1AB0D3F98024\libraries\Wire\Wire.cpp.o
                0x0000564a                TwoWire::write(unsigned char)
 .text._ZN11RingBufferNILi256EE9read_charEv
                0x00005676       0x20 C:\Users\cgriffis\AppData\Local\Temp\arduino\sketches\33EF3EC6FA83853433EA1AB0D3F98024\libraries\Wire\Wire.cpp.o
                0x00005676                RingBufferN<256>::read_char()
 .text._ZN7TwoWire4readEv
                0x00005696        0xa C:\Users\cgriffis\AppData\Local\Temp\arduino\sketches\33EF3EC6FA83853433EA1AB0D3F98024\libraries\Wire\Wire.cpp.o
                0x00005696                TwoWire::read()
 .text._ZN7TwoWire9onServiceEv
                0x000056a0      0x11c C:\Users\cgriffis\AppData\Local\Temp\arduino\sketches\33EF3EC6FA83853433EA1AB0D3F98024\libraries\Wire\Wire.cpp.o
                0x000056a0                TwoWire::onService()
 .text.SERCOM3_Handler
                0x000057bc       0x10 C:\Users\cgriffis\AppData\Local\Temp\arduino\sketches\33EF3EC6FA83853433EA1AB0D3F98024\libraries\Wire\Wire.cpp.o
                0x000057bc                SERCOM3_Handler
 .text.startup._GLOBAL__sub_I__ZN7TwoWireC2EP6SERCOMhh
                0x000057cc       0x18 C:\Users\cgriffis\AppData\Local\Temp\arduino\sketches\33EF3EC6FA83853433EA1AB0D3F98024\libraries\Wire\Wire.cpp.o
 .text.SERCOM0_Handler
                0x000057e4       0x10 C:\Users\cgriffis\AppData\Local\Temp\arduino\sketches\33EF3EC6FA83853433EA1AB0D3F98024\core\variant.cpp.o
                0x000057e4                SERCOM0_Handler
 .text.SERCOM5_Handler
                0x000057f4       0x10 C:\Users\cgriffis\AppData\Local\Temp\arduino\sketches\33EF3EC6FA83853433EA1AB0D3F98024\core\variant.cpp.o
                0x000057f4                SERCOM5_Handler
 .text.startup._GLOBAL__sub_I_g_APinDescription
                0x00005804       0x94 C:\Users\cgriffis\AppData\Local\Temp\arduino\sketches\33EF3EC6FA83853433EA1AB0D3F98024\core\variant.cpp.o
 .text._ZNK9IPAddress7printToER5Print
                0x00005898       0x44 C:\Users\cgriffis\AppData\Local\Temp\arduino\sketches\33EF3EC6FA83853433EA1AB0D3F98024/..\..\cores\543a3ef3acd86a1cf2c818821563c606\core.a(IPAddress.cpp.o)
                0x00005898                IPAddress::printTo(Print&) const
 .text._ZN9IPAddressC2Ev
                0x000058dc       0x10 C:\Users\cgriffis\AppData\Local\Temp\arduino\sketches\33EF3EC6FA83853433EA1AB0D3F98024/..\..\cores\543a3ef3acd86a1cf2c818821563c606\core.a(IPAddress.cpp.o)
                0x000058dc                IPAddress::IPAddress()
                0x000058dc                IPAddress::IPAddress()
 .text._ZN9IPAddressC2Ehhhh
                0x000058ec       0x1c C:\Users\cgriffis\AppData\Local\Temp\arduino\sketches\33EF3EC6FA83853433EA1AB0D3F98024/..\..\cores\543a3ef3acd86a1cf2c818821563c606\core.a(IPAddress.cpp.o)
                0x000058ec                IPAddress::IPAddress(unsigned char, unsigned char, unsigned char, unsigned char)
                0x000058ec                IPAddress::IPAddress(unsigned char, unsigned char, unsigned char, unsigned char)
 .text._ZN5Print5writeEPKhj
                0x00005908       0x24 C:\Users\cgriffis\AppData\Local\Temp\arduino\sketches\33EF3EC6FA83853433EA1AB0D3F98024/..\..\cores\543a3ef3acd86a1cf2c818821563c606\core.a(Print.cpp.o)
                0x00005908                Print::write(unsigned char const*, unsigned int)
 .text._ZN5Print5writeEPKc
                0x0000592c       0x1c C:\Users\cgriffis\AppData\Local\Temp\arduino\sketches\33EF3EC6FA83853433EA1AB0D3F98024/..\..\cores\543a3ef3acd86a1cf2c818821563c606\core.a(Print.cpp.o)
                0x0000592c                Print::write(char const*)
 .text._ZN5Print5printEPK19__FlashStringHelper
                0x00005948        0x8 C:\Users\cgriffis\AppData\Local\Temp\arduino\sketches\33EF3EC6FA83853433EA1AB0D3F98024/..\..\cores\543a3ef3acd86a1cf2c818821563c606\core.a(Print.cpp.o)
                0x00005948                Print::print(__FlashStringHelper const*)
 .text._ZN5Print5printEPKc
                0x00005950        0x8 C:\Users\cgriffis\AppData\Local\Temp\arduino\sketches\33EF3EC6FA83853433EA1AB0D3F98024/..\..\cores\543a3ef3acd86a1cf2c818821563c606\core.a(Print.cpp.o)
                0x00005950                Print::print(char const*)
 .text._ZN5Print5printEc
                0x00005958        0xa C:\Users\cgriffis\AppData\Local\Temp\arduino\sketches\33EF3EC6FA83853433EA1AB0D3F98024/..\..\cores\543a3ef3acd86a1cf2c818821563c606\core.a(Print.cpp.o)
                0x00005958                Print::print(char)
 *fill*         0x00005962        0x2 
 .text._ZN5Print7printlnEv
                0x00005964       0x10 C:\Users\cgriffis\AppData\Local\Temp\arduino\sketches\33EF3EC6FA83853433EA1AB0D3F98024/..\..\cores\543a3ef3acd86a1cf2c818821563c606\core.a(Print.cpp.o)
                0x00005964                Print::println()
 .text._ZN5Print7printlnEPK19__FlashStringHelper
                0x00005974       0x14 C:\Users\cgriffis\AppData\Local\Temp\arduino\sketches\33EF3EC6FA83853433EA1AB0D3F98024/..\..\cores\543a3ef3acd86a1cf2c818821563c606\core.a(Print.cpp.o)
                0x00005974                Print::println(__FlashStringHelper const*)
 .text._ZN5Print7printlnEPKc
                0x00005988       0x14 C:\Users\cgriffis\AppData\Local\Temp\arduino\sketches\33EF3EC6FA83853433EA1AB0D3F98024/..\..\cores\543a3ef3acd86a1cf2c818821563c606\core.a(Print.cpp.o)
                0x00005988                Print::println(char const*)
 .text._ZN5Print11printNumberEmh
                0x0000599c       0x50 C:\Users\cgriffis\AppData\Local\Temp\arduino\sketches\33EF3EC6FA83853433EA1AB0D3F98024/..\..\cores\543a3ef3acd86a1cf2c818821563c606\core.a(Print.cpp.o)
                0x0000599c                Print::printNumber(unsigned long, unsigned char)
 .text._ZN5Print5printEli
                0x000059ec       0x3e C:\Users\cgriffis\AppData\Local\Temp\arduino\sketches\33EF3EC6FA83853433EA1AB0D3F98024/..\..\cores\543a3ef3acd86a1cf2c818821563c606\core.a(Print.cpp.o)
                0x000059ec                Print::print(long, int)
 .text._ZN5Print5printEii
                0x00005a2a        0x8 C:\Users\cgriffis\AppData\Local\Temp\arduino\sketches\33EF3EC6FA83853433EA1AB0D3F98024/..\..\cores\543a3ef3acd86a1cf2c818821563c606\core.a(Print.cpp.o)
                0x00005a2a                Print::print(int, int)
 .text._ZN5Print5printEmi
                0x00005a32       0x18 C:\Users\cgriffis\AppData\Local\Temp\arduino\sketches\33EF3EC6FA83853433EA1AB0D3F98024/..\..\cores\543a3ef3acd86a1cf2c818821563c606\core.a(Print.cpp.o)
                0x00005a32                Print::print(unsigned long, int)
 .text._ZN5Print5printEhi
                0x00005a4a        0x8 C:\Users\cgriffis\AppData\Local\Temp\arduino\sketches\33EF3EC6FA83853433EA1AB0D3F98024/..\..\cores\543a3ef3acd86a1cf2c818821563c606\core.a(Print.cpp.o)
                0x00005a4a                Print::print(unsigned char, int)
 .text._ZN5Print7printlnEhi
                0x00005a52       0x14 C:\Users\cgriffis\AppData\Local\Temp\arduino\sketches\33EF3EC6FA83853433EA1AB0D3F98024/..\..\cores\543a3ef3acd86a1cf2c818821563c606\core.a(Print.cpp.o)
                0x00005a52                Print::println(unsigned char, int)
 .text._ZN5Print7printlnEmi
                0x00005a66       0x14 C:\Users\cgriffis\AppData\Local\Temp\arduino\sketches\33EF3EC6FA83853433EA1AB0D3F98024/..\..\cores\543a3ef3acd86a1cf2c818821563c606\core.a(Print.cpp.o)
                0x00005a66                Print::println(unsigned long, int)
 *fill*         0x00005a7a        0x2 
 .text._ZN5Print10printFloatEdh
                0x00005a7c      0x168 C:\Users\cgriffis\AppData\Local\Temp\arduino\sketches\33EF3EC6FA83853433EA1AB0D3F98024/..\..\cores\543a3ef3acd86a1cf2c818821563c606\core.a(Print.cpp.o)
                0x00005a7c                Print::printFloat(double, unsigned char)
 .text._ZN5Print5printEdi
                0x00005be4        0xe C:\Users\cgriffis\AppData\Local\Temp\arduino\sketches\33EF3EC6FA83853433EA1AB0D3F98024/..\..\cores\543a3ef3acd86a1cf2c818821563c606\core.a(Print.cpp.o)
                0x00005be4                Print::print(double, int)
 .text._ZN6SERCOMC2EP6Sercom
                0x00005bf2        0x4 C:\Users\cgriffis\AppData\Local\Temp\arduino\sketches\33EF3EC6FA83853433EA1AB0D3F98024/..\..\cores\543a3ef3acd86a1cf2c818821563c606\core.a(SERCOM.cpp.o)
                0x00005bf2                SERCOM::SERCOM(Sercom*)
                0x00005bf2                SERCOM::SERCOM(Sercom*)
 .text._ZN6SERCOM9initFrameE18SercomUartCharSize15SercomDataOrder16SercomParityMode19SercomNumberStopBit
                0x00005bf6       0x3a C:\Users\cgriffis\AppData\Local\Temp\arduino\sketches\33EF3EC6FA83853433EA1AB0D3F98024/..\..\cores\543a3ef3acd86a1cf2c818821563c606\core.a(SERCOM.cpp.o)
                0x00005bf6                SERCOM::initFrame(SercomUartCharSize, SercomDataOrder, SercomParityMode, SercomNumberStopBit)
 .text._ZN6SERCOM8initPadsE15SercomUartTXPad11SercomRXPad
                0x00005c30       0x26 C:\Users\cgriffis\AppData\Local\Temp\arduino\sketches\33EF3EC6FA83853433EA1AB0D3F98024/..\..\cores\543a3ef3acd86a1cf2c818821563c606\core.a(SERCOM.cpp.o)
                0x00005c30                SERCOM::initPads(SercomUartTXPad, SercomRXPad)
 .text._ZN6SERCOM9resetUARTEv
                0x00005c56       0x1a C:\Users\cgriffis\AppData\Local\Temp\arduino\sketches\33EF3EC6FA83853433EA1AB0D3F98024/..\..\cores\543a3ef3acd86a1cf2c818821563c606\core.a(SERCOM.cpp.o)
                0x00005c56                SERCOM::resetUART()
 .text._ZN6SERCOM10enableUARTEv
                0x00005c70       0x14 C:\Users\cgriffis\AppData\Local\Temp\arduino\sketches\33EF3EC6FA83853433EA1AB0D3F98024/..\..\cores\543a3ef3acd86a1cf2c818821563c606\core.a(SERCOM.cpp.o)
                0x00005c70                SERCOM::enableUART()
 .text._ZN6SERCOM9flushUARTEv
                0x00005c84       0x10 C:\Users\cgriffis\AppData\Local\Temp\arduino\sketches\33EF3EC6FA83853433EA1AB0D3F98024/..\..\cores\543a3ef3acd86a1cf2c818821563c606\core.a(SERCOM.cpp.o)
                0x00005c84                SERCOM::flushUART()
 .text._ZN6SERCOM15clearStatusUARTEv
                0x00005c94        0x8 C:\Users\cgriffis\AppData\Local\Temp\arduino\sketches\33EF3EC6FA83853433EA1AB0D3F98024/..\..\cores\543a3ef3acd86a1cf2c818821563c606\core.a(SERCOM.cpp.o)
                0x00005c94                SERCOM::clearStatusUART()
 .text._ZN6SERCOM17availableDataUARTEv
                0x00005c9c        0xa C:\Users\cgriffis\AppData\Local\Temp\arduino\sketches\33EF3EC6FA83853433EA1AB0D3F98024/..\..\cores\543a3ef3acd86a1cf2c818821563c606\core.a(SERCOM.cpp.o)
                0x00005c9c                SERCOM::availableDataUART()
 .text._ZN6SERCOM11isUARTErrorEv
                0x00005ca6        0x8 C:\Users\cgriffis\AppData\Local\Temp\arduino\sketches\33EF3EC6FA83853433EA1AB0D3F98024/..\..\cores\543a3ef3acd86a1cf2c818821563c606\core.a(SERCOM.cpp.o)
                0x00005ca6                SERCOM::isUARTError()
 .text._ZN6SERCOM20acknowledgeUARTErrorEv
                0x00005cae        0xe C:\Users\cgriffis\AppData\Local\Temp\arduino\sketches\33EF3EC6FA83853433EA1AB0D3F98024/..\..\cores\543a3ef3acd86a1cf2c818821563c606\core.a(SERCOM.cpp.o)
                0x00005cae                SERCOM::acknowledgeUARTError()
 .text._ZN6SERCOM16isFrameErrorUARTEv
                0x00005cbc        0xa C:\Users\cgriffis\AppData\Local\Temp\arduino\sketches\33EF3EC6FA83853433EA1AB0D3F98024/..\..\cores\543a3ef3acd86a1cf2c818821563c606\core.a(SERCOM.cpp.o)
                0x00005cbc                SERCOM::isFrameErrorUART()
 .text._ZN6SERCOM19clearFrameErrorUARTEv
                0x00005cc6        0xc C:\Users\cgriffis\AppData\Local\Temp\arduino\sketches\33EF3EC6FA83853433EA1AB0D3F98024/..\..\cores\543a3ef3acd86a1cf2c818821563c606\core.a(SERCOM.cpp.o)
                0x00005cc6                SERCOM::clearFrameErrorUART()
 .text._ZN6SERCOM23isDataRegisterEmptyUARTEv
                0x00005cd2        0xa C:\Users\cgriffis\AppData\Local\Temp\arduino\sketches\33EF3EC6FA83853433EA1AB0D3F98024/..\..\cores\543a3ef3acd86a1cf2c818821563c606\core.a(SERCOM.cpp.o)
                0x00005cd2                SERCOM::isDataRegisterEmptyUART()
 .text._ZN6SERCOM12readDataUARTEv
                0x00005cdc        0x8 C:\Users\cgriffis\AppData\Local\Temp\arduino\sketches\33EF3EC6FA83853433EA1AB0D3F98024/..\..\cores\543a3ef3acd86a1cf2c818821563c606\core.a(SERCOM.cpp.o)
                0x00005cdc                SERCOM::readDataUART()
 .text._ZN6SERCOM13writeDataUARTEh
                0x00005ce4       0x10 C:\Users\cgriffis\AppData\Local\Temp\arduino\sketches\33EF3EC6FA83853433EA1AB0D3F98024/..\..\cores\543a3ef3acd86a1cf2c818821563c606\core.a(SERCOM.cpp.o)
                0x00005ce4                SERCOM::writeDataUART(unsigned char)
 .text._ZN6SERCOM36enableDataRegisterEmptyInterruptUARTEv
                0x00005cf4        0x8 C:\Users\cgriffis\AppData\Local\Temp\arduino\sketches\33EF3EC6FA83853433EA1AB0D3F98024/..\..\cores\543a3ef3acd86a1cf2c818821563c606\core.a(SERCOM.cpp.o)
                0x00005cf4                SERCOM::enableDataRegisterEmptyInterruptUART()
 .text._ZN6SERCOM37disableDataRegisterEmptyInterruptUARTEv
                0x00005cfc        0x8 C:\Users\cgriffis\AppData\Local\Temp\arduino\sketches\33EF3EC6FA83853433EA1AB0D3F98024/..\..\cores\543a3ef3acd86a1cf2c818821563c606\core.a(SERCOM.cpp.o)
                0x00005cfc                SERCOM::disableDataRegisterEmptyInterruptUART()
 .text._ZN6SERCOM8resetSPIEv
                0x00005d04       0x1a C:\Users\cgriffis\AppData\Local\Temp\arduino\sketches\33EF3EC6FA83853433EA1AB0D3F98024/..\..\cores\543a3ef3acd86a1cf2c818821563c606\core.a(SERCOM.cpp.o)
                0x00005d04                SERCOM::resetSPI()
 .text._ZN6SERCOM9enableSPIEv
                0x00005d1e       0x14 C:\Users\cgriffis\AppData\Local\Temp\arduino\sketches\33EF3EC6FA83853433EA1AB0D3F98024/..\..\cores\543a3ef3acd86a1cf2c818821563c606\core.a(SERCOM.cpp.o)
                0x00005d1e                SERCOM::enableSPI()
 .text._ZN6SERCOM10disableSPIEv
                0x00005d32       0x12 C:\Users\cgriffis\AppData\Local\Temp\arduino\sketches\33EF3EC6FA83853433EA1AB0D3F98024/..\..\cores\543a3ef3acd86a1cf2c818821563c606\core.a(SERCOM.cpp.o)
                0x00005d32                SERCOM::disableSPI()
 .text._ZN6SERCOM15transferDataSPIEh
                0x00005d44       0x1a C:\Users\cgriffis\AppData\Local\Temp\arduino\sketches\33EF3EC6FA83853433EA1AB0D3F98024/..\..\cores\543a3ef3acd86a1cf2c818821563c606\core.a(SERCOM.cpp.o)
                0x00005d44                SERCOM::transferDataSPI(unsigned char)
 *fill*         0x00005d5e        0x2 
 .text._ZN6SERCOM28calculateBaudrateSynchronousEm
                0x00005d60       0x1c C:\Users\cgriffis\AppData\Local\Temp\arduino\sketches\33EF3EC6FA83853433EA1AB0D3F98024/..\..\cores\543a3ef3acd86a1cf2c818821563c606\core.a(SERCOM.cpp.o)
                0x00005d60                SERCOM::calculateBaudrateSynchronous(unsigned long)
 .text._ZN6SERCOM12initSPIClockE18SercomSpiClockModem
                0x00005d7c       0x26 C:\Users\cgriffis\AppData\Local\Temp\arduino\sketches\33EF3EC6FA83853433EA1AB0D3F98024/..\..\cores\543a3ef3acd86a1cf2c818821563c606\core.a(SERCOM.cpp.o)
                0x00005d7c                SERCOM::initSPIClock(SercomSpiClockMode, unsigned long)
 .text._ZN6SERCOM18prepareNackBitWIREEv
                0x00005da2       0x10 C:\Users\cgriffis\AppData\Local\Temp\arduino\sketches\33EF3EC6FA83853433EA1AB0D3F98024/..\..\cores\543a3ef3acd86a1cf2c818821563c606\core.a(SERCOM.cpp.o)
                0x00005da2                SERCOM::prepareNackBitWIRE()
 *fill*         0x00005db2        0x2 
 .text._ZN6SERCOM17prepareAckBitWIREEv
                0x00005db4       0x14 C:\Users\cgriffis\AppData\Local\Temp\arduino\sketches\33EF3EC6FA83853433EA1AB0D3F98024/..\..\cores\543a3ef3acd86a1cf2c818821563c606\core.a(SERCOM.cpp.o)
                0x00005db4                SERCOM::prepareAckBitWIRE()
 .text._ZN6SERCOM22prepareCommandBitsWireEh
                0x00005dc8       0x2c C:\Users\cgriffis\AppData\Local\Temp\arduino\sketches\33EF3EC6FA83853433EA1AB0D3F98024/..\..\cores\543a3ef3acd86a1cf2c818821563c606\core.a(SERCOM.cpp.o)
                0x00005dc8                SERCOM::prepareCommandBitsWire(unsigned char)
 .text._ZN6SERCOM17sendDataSlaveWIREEh
                0x00005df4       0x1e C:\Users\cgriffis\AppData\Local\Temp\arduino\sketches\33EF3EC6FA83853433EA1AB0D3F98024/..\..\cores\543a3ef3acd86a1cf2c818821563c606\core.a(SERCOM.cpp.o)
                0x00005df4                SERCOM::sendDataSlaveWIRE(unsigned char)
 .text._ZN6SERCOM11isSlaveWIREEv
                0x00005e12       0x12 C:\Users\cgriffis\AppData\Local\Temp\arduino\sketches\33EF3EC6FA83853433EA1AB0D3F98024/..\..\cores\543a3ef3acd86a1cf2c818821563c606\core.a(SERCOM.cpp.o)
                0x00005e12                SERCOM::isSlaveWIRE()
 .text._ZN6SERCOM15isDataReadyWIREEv
                0x00005e24        0xa C:\Users\cgriffis\AppData\Local\Temp\arduino\sketches\33EF3EC6FA83853433EA1AB0D3F98024/..\..\cores\543a3ef3acd86a1cf2c818821563c606\core.a(SERCOM.cpp.o)
                0x00005e24                SERCOM::isDataReadyWIRE()
 .text._ZN6SERCOM18isStopDetectedWIREEv
                0x00005e2e        0xa C:\Users\cgriffis\AppData\Local\Temp\arduino\sketches\33EF3EC6FA83853433EA1AB0D3F98024/..\..\cores\543a3ef3acd86a1cf2c818821563c606\core.a(SERCOM.cpp.o)
                0x00005e2e                SERCOM::isStopDetectedWIRE()
 .text._ZN6SERCOM21isRestartDetectedWIREEv
                0x00005e38        0xa C:\Users\cgriffis\AppData\Local\Temp\arduino\sketches\33EF3EC6FA83853433EA1AB0D3F98024/..\..\cores\543a3ef3acd86a1cf2c818821563c606\core.a(SERCOM.cpp.o)
                0x00005e38                SERCOM::isRestartDetectedWIRE()
 .text._ZN6SERCOM14isAddressMatchEv
                0x00005e42        0xa C:\Users\cgriffis\AppData\Local\Temp\arduino\sketches\33EF3EC6FA83853433EA1AB0D3F98024/..\..\cores\543a3ef3acd86a1cf2c818821563c606\core.a(SERCOM.cpp.o)
                0x00005e42                SERCOM::isAddressMatch()
 .text._ZN6SERCOM25isMasterReadOperationWIREEv
                0x00005e4c        0xa C:\Users\cgriffis\AppData\Local\Temp\arduino\sketches\33EF3EC6FA83853433EA1AB0D3F98024/..\..\cores\543a3ef3acd86a1cf2c818821563c606\core.a(SERCOM.cpp.o)
                0x00005e4c                SERCOM::isMasterReadOperationWIRE()
 .text._ZN6SERCOM12readDataWIREEv
                0x00005e56       0x1a C:\Users\cgriffis\AppData\Local\Temp\arduino\sketches\33EF3EC6FA83853433EA1AB0D3F98024/..\..\cores\543a3ef3acd86a1cf2c818821563c606\core.a(SERCOM.cpp.o)
                0x00005e56                SERCOM::readDataWIRE()
 .text._ZN6SERCOM14getSercomIndexEv
                0x00005e70       0x5c C:\Users\cgriffis\AppData\Local\Temp\arduino\sketches\33EF3EC6FA83853433EA1AB0D3F98024/..\..\cores\543a3ef3acd86a1cf2c818821563c606\core.a(SERCOM.cpp.o)
                0x00005e70                SERCOM::getSercomIndex()
 .text._ZN6SERCOM13initClockNVICEv
                0x00005ecc       0x90 C:\Users\cgriffis\AppData\Local\Temp\arduino\sketches\33EF3EC6FA83853433EA1AB0D3F98024/..\..\cores\543a3ef3acd86a1cf2c818821563c606\core.a(SERCOM.cpp.o)
                0x00005ecc                SERCOM::initClockNVIC()
 .text._ZN6SERCOM8initUARTE14SercomUartMode20SercomUartSampleRatem
                0x00005f5c       0x6c C:\Users\cgriffis\AppData\Local\Temp\arduino\sketches\33EF3EC6FA83853433EA1AB0D3F98024/..\..\cores\543a3ef3acd86a1cf2c818821563c606\core.a(SERCOM.cpp.o)
                0x00005f5c                SERCOM::initUART(SercomUartMode, SercomUartSampleRate, unsigned long)
 .text._ZN6SERCOM7initSPIE14SercomSpiTXPad11SercomRXPad17SercomSpiCharSize15SercomDataOrder
                0x00005fc8       0x52 C:\Users\cgriffis\AppData\Local\Temp\arduino\sketches\33EF3EC6FA83853433EA1AB0D3F98024/..\..\cores\543a3ef3acd86a1cf2c818821563c606\core.a(SERCOM.cpp.o)
                0x00005fc8                SERCOM::initSPI(SercomSpiTXPad, SercomRXPad, SercomSpiCharSize, SercomDataOrder)
 .text._ZN7Serial_17availableForWriteEv
                0x0000601a        0x4 C:\Users\cgriffis\AppData\Local\Temp\arduino\sketches\33EF3EC6FA83853433EA1AB0D3F98024/..\..\cores\543a3ef3acd86a1cf2c818821563c606\core.a(CDC.cpp.o)
                0x0000601a                Serial_::availableForWrite()
 .text._ZN7Serial_5writeEh
                0x0000601e       0x14 C:\Users\cgriffis\AppData\Local\Temp\arduino\sketches\33EF3EC6FA83853433EA1AB0D3F98024/..\..\cores\543a3ef3acd86a1cf2c818821563c606\core.a(CDC.cpp.o)
                0x0000601e                Serial_::write(unsigned char)
 .text._ZN7Serial_9availableEv
                0x00006032        0xc C:\Users\cgriffis\AppData\Local\Temp\arduino\sketches\33EF3EC6FA83853433EA1AB0D3F98024/..\..\cores\543a3ef3acd86a1cf2c818821563c606\core.a(CDC.cpp.o)
                0x00006032                Serial_::available()
 .text._ZN7Serial_5flushEv
                0x0000603e        0xc C:\Users\cgriffis\AppData\Local\Temp\arduino\sketches\33EF3EC6FA83853433EA1AB0D3F98024/..\..\cores\543a3ef3acd86a1cf2c818821563c606\core.a(CDC.cpp.o)
                0x0000603e                Serial_::flush()
 *fill*         0x0000604a        0x2 
 .text._ZN7Serial_5writeEPKhj
                0x0000604c       0x2c C:\Users\cgriffis\AppData\Local\Temp\arduino\sketches\33EF3EC6FA83853433EA1AB0D3F98024/..\..\cores\543a3ef3acd86a1cf2c818821563c606\core.a(CDC.cpp.o)
                0x0000604c                Serial_::write(unsigned char const*, unsigned int)
 .text._ZN7Serial_4peekEv
                0x00006078       0x1c C:\Users\cgriffis\AppData\Local\Temp\arduino\sketches\33EF3EC6FA83853433EA1AB0D3F98024/..\..\cores\543a3ef3acd86a1cf2c818821563c606\core.a(CDC.cpp.o)
                0x00006078                Serial_::peek()
 .text._ZN7Serial_4readEv
                0x00006094       0x24 C:\Users\cgriffis\AppData\Local\Temp\arduino\sketches\33EF3EC6FA83853433EA1AB0D3F98024/..\..\cores\543a3ef3acd86a1cf2c818821563c606\core.a(CDC.cpp.o)
                0x00006094                Serial_::read()
 .text._Z16CDC_GetInterfacePh
                0x000060b8       0x1c C:\Users\cgriffis\AppData\Local\Temp\arduino\sketches\33EF3EC6FA83853433EA1AB0D3F98024/..\..\cores\543a3ef3acd86a1cf2c818821563c606\core.a(CDC.cpp.o)
                0x000060b8                CDC_GetInterface(unsigned char*)
 .text._Z9CDC_SetupR8USBSetup
                0x000060d4       0x7c C:\Users\cgriffis\AppData\Local\Temp\arduino\sketches\33EF3EC6FA83853433EA1AB0D3F98024/..\..\cores\543a3ef3acd86a1cf2c818821563c606\core.a(CDC.cpp.o)
                0x000060d4                CDC_Setup(USBSetup&)
 .text._ZN7Serial_5beginEm
                0x00006150        0x2 C:\Users\cgriffis\AppData\Local\Temp\arduino\sketches\33EF3EC6FA83853433EA1AB0D3F98024/..\..\cores\543a3ef3acd86a1cf2c818821563c606\core.a(CDC.cpp.o)
                0x00006150                Serial_::begin(unsigned long)
 *fill*         0x00006152        0x2 
 .text.startup._GLOBAL__sub_I__Z17_CDC_GetInterfacev
                0x00006154       0x28 C:\Users\cgriffis\AppData\Local\Temp\arduino\sketches\33EF3EC6FA83853433EA1AB0D3F98024/..\..\cores\543a3ef3acd86a1cf2c818821563c606\core.a(CDC.cpp.o)
 .text._ZN26DoubleBufferedEPOutHandler4initEv
                0x0000617c        0x2 C:\Users\cgriffis\AppData\Local\Temp\arduino\sketches\33EF3EC6FA83853433EA1AB0D3F98024/..\..\cores\543a3ef3acd86a1cf2c818821563c606\core.a(USBCore.cpp.o)
                0x0000617c                DoubleBufferedEPOutHandler::init()
 .text._ZL5utox8mPc
                0x0000617e       0x26 C:\Users\cgriffis\AppData\Local\Temp\arduino\sketches\33EF3EC6FA83853433EA1AB0D3F98024/..\..\cores\543a3ef3acd86a1cf2c818821563c606\core.a(USBCore.cpp.o)
 .text._ZN26DoubleBufferedEPOutHandlerD2Ev
                0x000061a4       0x14 C:\Users\cgriffis\AppData\Local\Temp\arduino\sketches\33EF3EC6FA83853433EA1AB0D3F98024/..\..\cores\543a3ef3acd86a1cf2c818821563c606\core.a(USBCore.cpp.o)
                0x000061a4                DoubleBufferedEPOutHandler::~DoubleBufferedEPOutHandler()
                0x000061a4                DoubleBufferedEPOutHandler::~DoubleBufferedEPOutHandler()
 .text._ZN26DoubleBufferedEPOutHandlerD0Ev
                0x000061b8       0x12 C:\Users\cgriffis\AppData\Local\Temp\arduino\sketches\33EF3EC6FA83853433EA1AB0D3F98024/..\..\cores\543a3ef3acd86a1cf2c818821563c606\core.a(USBCore.cpp.o)
                0x000061b8                DoubleBufferedEPOutHandler::~DoubleBufferedEPOutHandler()
 *fill*         0x000061ca        0x2 
 .text._ZN14USBDeviceClass6initEPEmm.part.0
                0x000061cc       0xe8 C:\Users\cgriffis\AppData\Local\Temp\arduino\sketches\33EF3EC6FA83853433EA1AB0D3F98024/..\..\cores\543a3ef3acd86a1cf2c818821563c606\core.a(USBCore.cpp.o)
 .text._ZN7__GuardC2Ev
                0x000062b4        0xe C:\Users\cgriffis\AppData\Local\Temp\arduino\sketches\33EF3EC6FA83853433EA1AB0D3F98024/..\..\cores\543a3ef3acd86a1cf2c818821563c606\core.a(USBCore.cpp.o)
                0x000062b4                __Guard::__Guard()
                0x000062b4                __Guard::__Guard()
 .text._ZN7__GuardD2Ev
                0x000062c2        0xe C:\Users\cgriffis\AppData\Local\Temp\arduino\sketches\33EF3EC6FA83853433EA1AB0D3F98024/..\..\cores\543a3ef3acd86a1cf2c818821563c606\core.a(USBCore.cpp.o)
                0x000062c2                __Guard::~__Guard()
                0x000062c2                __Guard::~__Guard()
 .text._ZNK26DoubleBufferedEPOutHandler9availableEv
                0x000062d0       0x5e C:\Users\cgriffis\AppData\Local\Temp\arduino\sketches\33EF3EC6FA83853433EA1AB0D3F98024/..\..\cores\543a3ef3acd86a1cf2c818821563c606\core.a(USBCore.cpp.o)
                0x000062d0                DoubleBufferedEPOutHandler::available() const
 *fill*         0x0000632e        0x2 
 .text._ZN26DoubleBufferedEPOutHandler7releaseEv
                0x00006330       0x54 C:\Users\cgriffis\AppData\Local\Temp\arduino\sketches\33EF3EC6FA83853433EA1AB0D3F98024/..\..\cores\543a3ef3acd86a1cf2c818821563c606\core.a(USBCore.cpp.o)
                0x00006330                DoubleBufferedEPOutHandler::release()
 .text._ZN26DoubleBufferedEPOutHandler4recvEPvm
                0x00006384      0x11a C:\Users\cgriffis\AppData\Local\Temp\arduino\sketches\33EF3EC6FA83853433EA1AB0D3F98024/..\..\cores\543a3ef3acd86a1cf2c818821563c606\core.a(USBCore.cpp.o)
                0x00006384                DoubleBufferedEPOutHandler::recv(void*, unsigned long)
 .text._ZN26DoubleBufferedEPOutHandler14handleEndpointEv
                0x0000649e       0xc2 C:\Users\cgriffis\AppData\Local\Temp\arduino\sketches\33EF3EC6FA83853433EA1AB0D3F98024/..\..\cores\543a3ef3acd86a1cf2c818821563c606\core.a(USBCore.cpp.o)
                0x0000649e                DoubleBufferedEPOutHandler::handleEndpoint()
 .text._ZN14USBDeviceClass14SendInterfacesEPm
                0x00006560       0x2e C:\Users\cgriffis\AppData\Local\Temp\arduino\sketches\33EF3EC6FA83853433EA1AB0D3F98024/..\..\cores\543a3ef3acd86a1cf2c818821563c606\core.a(USBCore.cpp.o)
                0x00006560                USBDeviceClass::SendInterfaces(unsigned long*)
 *fill*         0x0000658e        0x2 
 .text._ZN14USBDeviceClass14handleEndpointEh
                0x00006590       0x44 C:\Users\cgriffis\AppData\Local\Temp\arduino\sketches\33EF3EC6FA83853433EA1AB0D3F98024/..\..\cores\543a3ef3acd86a1cf2c818821563c606\core.a(USBCore.cpp.o)
                0x00006590                USBDeviceClass::handleEndpoint(unsigned char)
 .text._ZN14USBDeviceClass4initEv
                0x000065d4       0xf0 C:\Users\cgriffis\AppData\Local\Temp\arduino\sketches\33EF3EC6FA83853433EA1AB0D3F98024/..\..\cores\543a3ef3acd86a1cf2c818821563c606\core.a(USBCore.cpp.o)
                0x000065d4                USBDeviceClass::init()
 .text._ZN14USBDeviceClass6attachEv
                0x000066c4       0x34 C:\Users\cgriffis\AppData\Local\Temp\arduino\sketches\33EF3EC6FA83853433EA1AB0D3F98024/..\..\cores\543a3ef3acd86a1cf2c818821563c606\core.a(USBCore.cpp.o)
                0x000066c4                USBDeviceClass::attach()
 .text._ZN14USBDeviceClass10setAddressEm
                0x000066f8       0x44 C:\Users\cgriffis\AppData\Local\Temp\arduino\sketches\33EF3EC6FA83853433EA1AB0D3F98024/..\..\cores\543a3ef3acd86a1cf2c818821563c606\core.a(USBCore.cpp.o)
                0x000066f8                USBDeviceClass::setAddress(unsigned long)
 .text._ZN14USBDeviceClass25handleClassInterfaceSetupER8USBSetup
                0x0000673c       0x44 C:\Users\cgriffis\AppData\Local\Temp\arduino\sketches\33EF3EC6FA83853433EA1AB0D3F98024/..\..\cores\543a3ef3acd86a1cf2c818821563c606\core.a(USBCore.cpp.o)
                0x0000673c                USBDeviceClass::handleClassInterfaceSetup(USBSetup&)
 .text._ZN14USBDeviceClass6initEPEmm
                0x00006780       0xec C:\Users\cgriffis\AppData\Local\Temp\arduino\sketches\33EF3EC6FA83853433EA1AB0D3F98024/..\..\cores\543a3ef3acd86a1cf2c818821563c606\core.a(USBCore.cpp.o)
                0x00006780                USBDeviceClass::initEP(unsigned long, unsigned long)
 .text._ZN14USBDeviceClass13initEndpointsEv
                0x0000686c       0x24 C:\Users\cgriffis\AppData\Local\Temp\arduino\sketches\33EF3EC6FA83853433EA1AB0D3F98024/..\..\cores\543a3ef3acd86a1cf2c818821563c606\core.a(USBCore.cpp.o)
                0x0000686c                USBDeviceClass::initEndpoints()
 .text._ZN14USBDeviceClass9availableEm
                0x00006890       0x2c C:\Users\cgriffis\AppData\Local\Temp\arduino\sketches\33EF3EC6FA83853433EA1AB0D3F98024/..\..\cores\543a3ef3acd86a1cf2c818821563c606\core.a(USBCore.cpp.o)
                0x00006890                USBDeviceClass::available(unsigned long)
 .text._ZN14USBDeviceClass5flushEm
                0x000068bc       0x2c C:\Users\cgriffis\AppData\Local\Temp\arduino\sketches\33EF3EC6FA83853433EA1AB0D3F98024/..\..\cores\543a3ef3acd86a1cf2c818821563c606\core.a(USBCore.cpp.o)
                0x000068bc                USBDeviceClass::flush(unsigned long)
 .text._ZN14USBDeviceClass14armRecvCtrlOUTEm
                0x000068e8       0x5c C:\Users\cgriffis\AppData\Local\Temp\arduino\sketches\33EF3EC6FA83853433EA1AB0D3F98024/..\..\cores\543a3ef3acd86a1cf2c818821563c606\core.a(USBCore.cpp.o)
                0x000068e8                USBDeviceClass::armRecvCtrlOUT(unsigned long)
 .text._ZN14USBDeviceClass11recvControlEPvm
                0x00006944       0x3c C:\Users\cgriffis\AppData\Local\Temp\arduino\sketches\33EF3EC6FA83853433EA1AB0D3F98024/..\..\cores\543a3ef3acd86a1cf2c818821563c606\core.a(USBCore.cpp.o)
                0x00006944                USBDeviceClass::recvControl(void*, unsigned long)
 .text._ZN14USBDeviceClass7armRecvEm
                0x00006980       0x38 C:\Users\cgriffis\AppData\Local\Temp\arduino\sketches\33EF3EC6FA83853433EA1AB0D3F98024/..\..\cores\543a3ef3acd86a1cf2c818821563c606\core.a(USBCore.cpp.o)
                0x00006980                USBDeviceClass::armRecv(unsigned long)
 .text._ZN14USBDeviceClass4recvEmPvm
                0x000069b8       0xd8 C:\Users\cgriffis\AppData\Local\Temp\arduino\sketches\33EF3EC6FA83853433EA1AB0D3F98024/..\..\cores\543a3ef3acd86a1cf2c818821563c606\core.a(USBCore.cpp.o)
                0x000069b8                USBDeviceClass::recv(unsigned long, void*, unsigned long)
 .text._ZN14USBDeviceClass4recvEm
                0x00006a90       0x1c C:\Users\cgriffis\AppData\Local\Temp\arduino\sketches\33EF3EC6FA83853433EA1AB0D3F98024/..\..\cores\543a3ef3acd86a1cf2c818821563c606\core.a(USBCore.cpp.o)
                0x00006a90                USBDeviceClass::recv(unsigned long)
 .text._ZN14USBDeviceClass4sendEmPKvm
                0x00006aac      0x110 C:\Users\cgriffis\AppData\Local\Temp\arduino\sketches\33EF3EC6FA83853433EA1AB0D3F98024/..\..\cores\543a3ef3acd86a1cf2c818821563c606\core.a(USBCore.cpp.o)
                0x00006aac                USBDeviceClass::send(unsigned long, void const*, unsigned long)
 .text._ZN14USBDeviceClass7armSendEmPKvm
                0x00006bbc       0x48 C:\Users\cgriffis\AppData\Local\Temp\arduino\sketches\33EF3EC6FA83853433EA1AB0D3F98024/..\..\cores\543a3ef3acd86a1cf2c818821563c606\core.a(USBCore.cpp.o)
                0x00006bbc                USBDeviceClass::armSend(unsigned long, void const*, unsigned long)
 .text._ZN14USBDeviceClass11sendControlEPKvm
                0x00006c04       0x54 C:\Users\cgriffis\AppData\Local\Temp\arduino\sketches\33EF3EC6FA83853433EA1AB0D3F98024/..\..\cores\543a3ef3acd86a1cf2c818821563c606\core.a(USBCore.cpp.o)
                0x00006c04                USBDeviceClass::sendControl(void const*, unsigned long)
 .text._ZN14USBDeviceClass20sendStringDescriptorEPKhh
                0x00006c58       0x68 C:\Users\cgriffis\AppData\Local\Temp\arduino\sketches\33EF3EC6FA83853433EA1AB0D3F98024/..\..\cores\543a3ef3acd86a1cf2c818821563c606\core.a(USBCore.cpp.o)
                0x00006c58                USBDeviceClass::sendStringDescriptor(unsigned char const*, unsigned char)
 .text._ZN14USBDeviceClass17sendConfigurationEm
                0x00006cc0       0x80 C:\Users\cgriffis\AppData\Local\Temp\arduino\sketches\33EF3EC6FA83853433EA1AB0D3F98024/..\..\cores\543a3ef3acd86a1cf2c818821563c606\core.a(USBCore.cpp.o)
                0x00006cc0                USBDeviceClass::sendConfiguration(unsigned long)
 .text._ZN14USBDeviceClass14sendDescriptorER8USBSetup
                0x00006d40       0xe4 C:\Users\cgriffis\AppData\Local\Temp\arduino\sketches\33EF3EC6FA83853433EA1AB0D3F98024/..\..\cores\543a3ef3acd86a1cf2c818821563c606\core.a(USBCore.cpp.o)
                0x00006d40                USBDeviceClass::sendDescriptor(USBSetup&)
 .text._ZN14USBDeviceClass19handleStandardSetupER8USBSetup
                0x00006e24      0x118 C:\Users\cgriffis\AppData\Local\Temp\arduino\sketches\33EF3EC6FA83853433EA1AB0D3F98024/..\..\cores\543a3ef3acd86a1cf2c818821563c606\core.a(USBCore.cpp.o)
                0x00006e24                USBDeviceClass::handleStandardSetup(USBSetup&)
 .text._ZN14USBDeviceClass10ISRHandlerEv
                0x00006f3c      0x150 C:\Users\cgriffis\AppData\Local\Temp\arduino\sketches\33EF3EC6FA83853433EA1AB0D3F98024/..\..\cores\543a3ef3acd86a1cf2c818821563c606\core.a(USBCore.cpp.o)
                0x00006f3c                USBDeviceClass::ISRHandler()
 .text.UDD_Handler
                0x0000708c       0x10 C:\Users\cgriffis\AppData\Local\Temp\arduino\sketches\33EF3EC6FA83853433EA1AB0D3F98024/..\..\cores\543a3ef3acd86a1cf2c818821563c606\core.a(USBCore.cpp.o)
                0x0000708c                UDD_Handler
 .text.startup._GLOBAL__sub_I_usbd
                0x0000709c       0x10 C:\Users\cgriffis\AppData\Local\Temp\arduino\sketches\33EF3EC6FA83853433EA1AB0D3F98024/..\..\cores\543a3ef3acd86a1cf2c818821563c606\core.a(USBCore.cpp.o)
 .text._ZN4UartcvbEv
                0x000070ac        0x4 C:\Users\cgriffis\AppData\Local\Temp\arduino\sketches\33EF3EC6FA83853433EA1AB0D3F98024/..\..\cores\543a3ef3acd86a1cf2c818821563c606\core.a(Uart.cpp.o)
                0x000070ac                Uart::operator bool()
 .text._ZN4Uart5beginEm
                0x000070b0       0x10 C:\Users\cgriffis\AppData\Local\Temp\arduino\sketches\33EF3EC6FA83853433EA1AB0D3F98024/..\..\cores\543a3ef3acd86a1cf2c818821563c606\core.a(Uart.cpp.o)
                0x000070b0                Uart::begin(unsigned long)
 .text._ZN4Uart4peekEv
                0x000070c0       0x1a C:\Users\cgriffis\AppData\Local\Temp\arduino\sketches\33EF3EC6FA83853433EA1AB0D3F98024/..\..\cores\543a3ef3acd86a1cf2c818821563c606\core.a(Uart.cpp.o)
                0x000070c0                Uart::peek()
 .text._ZN4Uart3endEv
                0x000070da       0x20 C:\Users\cgriffis\AppData\Local\Temp\arduino\sketches\33EF3EC6FA83853433EA1AB0D3F98024/..\..\cores\543a3ef3acd86a1cf2c818821563c606\core.a(Uart.cpp.o)
                0x000070da                Uart::end()
 .text._ZN4Uart15extractCharSizeEt
                0x000070fa       0x28 C:\Users\cgriffis\AppData\Local\Temp\arduino\sketches\33EF3EC6FA83853433EA1AB0D3F98024/..\..\cores\543a3ef3acd86a1cf2c818821563c606\core.a(Uart.cpp.o)
                0x000070fa                Uart::extractCharSize(unsigned short)
 .text._ZN4Uart13extractParityEt
                0x00007122       0x14 C:\Users\cgriffis\AppData\Local\Temp\arduino\sketches\33EF3EC6FA83853433EA1AB0D3F98024/..\..\cores\543a3ef3acd86a1cf2c818821563c606\core.a(Uart.cpp.o)
                0x00007122                Uart::extractParity(unsigned short)
 *fill*         0x00007136        0x2 
 .text._ZN4Uart5beginEmt
                0x00007138       0xf8 C:\Users\cgriffis\AppData\Local\Temp\arduino\sketches\33EF3EC6FA83853433EA1AB0D3F98024/..\..\cores\543a3ef3acd86a1cf2c818821563c606\core.a(Uart.cpp.o)
                0x00007138                Uart::begin(unsigned long, unsigned short)
 .text._ZN11RingBufferNILi350EEC2Ev
                0x00007230       0x1c C:\Users\cgriffis\AppData\Local\Temp\arduino\sketches\33EF3EC6FA83853433EA1AB0D3F98024/..\..\cores\543a3ef3acd86a1cf2c818821563c606\core.a(Uart.cpp.o)
                0x00007230                RingBufferN<350>::RingBufferN()
                0x00007230                RingBufferN<350>::RingBufferN()
 .text._ZN4UartC2EP6SERCOMhh11SercomRXPad15SercomUartTXPad
                0x0000724c       0x70 C:\Users\cgriffis\AppData\Local\Temp\arduino\sketches\33EF3EC6FA83853433EA1AB0D3F98024/..\..\cores\543a3ef3acd86a1cf2c818821563c606\core.a(Uart.cpp.o)
                0x0000724c                Uart::Uart(SERCOM*, unsigned char, unsigned char, SercomRXPad, SercomUartTXPad)
                0x0000724c                Uart::Uart(SERCOM*, unsigned char, unsigned char, SercomRXPad, SercomUartTXPad)
 .text._ZN11RingBufferNILi350EE9availableEv
                0x000072bc       0x12 C:\Users\cgriffis\AppData\Local\Temp\arduino\sketches\33EF3EC6FA83853433EA1AB0D3F98024/..\..\cores\543a3ef3acd86a1cf2c818821563c606\core.a(Uart.cpp.o)
                0x000072bc                RingBufferN<350>::available()
 .text._ZN4Uart5flushEv
                0x000072ce       0x1a C:\Users\cgriffis\AppData\Local\Temp\arduino\sketches\33EF3EC6FA83853433EA1AB0D3F98024/..\..\cores\543a3ef3acd86a1cf2c818821563c606\core.a(Uart.cpp.o)
                0x000072ce                Uart::flush()
 .text._ZN4Uart9availableEv
                0x000072e8        0xa C:\Users\cgriffis\AppData\Local\Temp\arduino\sketches\33EF3EC6FA83853433EA1AB0D3F98024/..\..\cores\543a3ef3acd86a1cf2c818821563c606\core.a(Uart.cpp.o)
                0x000072e8                Uart::available()
 .text._ZN11RingBufferNILi350EE17availableForStoreEv
                0x000072f2       0x22 C:\Users\cgriffis\AppData\Local\Temp\arduino\sketches\33EF3EC6FA83853433EA1AB0D3F98024/..\..\cores\543a3ef3acd86a1cf2c818821563c606\core.a(Uart.cpp.o)
                0x000072f2                RingBufferN<350>::availableForStore()
 .text._ZN4Uart17availableForWriteEv
                0x00007314        0xc C:\Users\cgriffis\AppData\Local\Temp\arduino\sketches\33EF3EC6FA83853433EA1AB0D3F98024/..\..\cores\543a3ef3acd86a1cf2c818821563c606\core.a(Uart.cpp.o)
                0x00007314                Uart::availableForWrite()
 .text._ZN4Uart10IrqHandlerEv
                0x00007320       0xda C:\Users\cgriffis\AppData\Local\Temp\arduino\sketches\33EF3EC6FA83853433EA1AB0D3F98024/..\..\cores\543a3ef3acd86a1cf2c818821563c606\core.a(Uart.cpp.o)
                0x00007320                Uart::IrqHandler()
 *fill*         0x000073fa        0x2 
 .text._ZN4Uart5writeEh
                0x000073fc       0xc4 C:\Users\cgriffis\AppData\Local\Temp\arduino\sketches\33EF3EC6FA83853433EA1AB0D3F98024/..\..\cores\543a3ef3acd86a1cf2c818821563c606\core.a(Uart.cpp.o)
                0x000073fc                Uart::write(unsigned char)
 .text._ZN4Uart4readEv
                0x000074c0       0x52 C:\Users\cgriffis\AppData\Local\Temp\arduino\sketches\33EF3EC6FA83853433EA1AB0D3F98024/..\..\cores\543a3ef3acd86a1cf2c818821563c606\core.a(Uart.cpp.o)
                0x000074c0                Uart::read()
 *fill*         0x00007512        0x2 
 .text.attachInterrupt
                0x00007514      0x184 C:\Users\cgriffis\AppData\Local\Temp\arduino\sketches\33EF3EC6FA83853433EA1AB0D3F98024/..\..\cores\543a3ef3acd86a1cf2c818821563c606\core.a(WInterrupts.c.o)
                0x00007514                attachInterrupt
 .text.EIC_Handler
                0x00007698       0x3c C:\Users\cgriffis\AppData\Local\Temp\arduino\sketches\33EF3EC6FA83853433EA1AB0D3F98024/..\..\cores\543a3ef3acd86a1cf2c818821563c606\core.a(WInterrupts.c.o)
                0x00007698                EIC_Handler
 .text.NMI_Handler
                0x000076d4       0x20 C:\Users\cgriffis\AppData\Local\Temp\arduino\sketches\33EF3EC6FA83853433EA1AB0D3F98024/..\..\cores\543a3ef3acd86a1cf2c818821563c606\core.a(WInterrupts.c.o)
                0x000076d4                NMI_Handler
 .text._Z8makeWordhh
                0x000076f4        0x6 C:\Users\cgriffis\AppData\Local\Temp\arduino\sketches\33EF3EC6FA83853433EA1AB0D3F98024/..\..\cores\543a3ef3acd86a1cf2c818821563c606\core.a(WMath.cpp.o)
                0x000076f4                makeWord(unsigned char, unsigned char)
 .text.Dummy_Handler
                0x000076fa        0x2 C:\Users\cgriffis\AppData\Local\Temp\arduino\sketches\33EF3EC6FA83853433EA1AB0D3F98024/..\..\cores\543a3ef3acd86a1cf2c818821563c606\core.a(cortex_handlers.c.o)
                0x000076fa                HardFault_Handler
                0x000076fa                AC_Handler
                0x000076fa                TC7_Handler
                0x000076fa                SERCOM1_Handler
                0x000076fa                ADC_Handler
                0x000076fa                TCC1_Handler
                0x000076fa                SERCOM2_Handler
                0x000076fa                TCC0_Handler
                0x000076fa                RTC_Handler
                0x000076fa                TC6_Handler
                0x000076fa                WDT_Handler
                0x000076fa                TC4_Handler
                0x000076fa                TC3_Handler
                0x000076fa                Dummy_Handler
                0x000076fa                PM_Handler
                0x000076fa                TCC2_Handler
                0x000076fa                EVSYS_Handler
                0x000076fa                SERCOM4_Handler
                0x000076fa                I2S_Handler
                0x000076fa                NVMCTRL_Handler
                0x000076fa                DAC_Handler
                0x000076fa                PTC_Handler
                0x000076fa                SYSCTRL_Handler
 .text.USB_Handler
                0x000076fc       0x14 C:\Users\cgriffis\AppData\Local\Temp\arduino\sketches\33EF3EC6FA83853433EA1AB0D3F98024/..\..\cores\543a3ef3acd86a1cf2c818821563c606\core.a(cortex_handlers.c.o)
                0x000076fc                USB_Handler
 .text.Reset_Handler
                0x00007710       0x54 C:\Users\cgriffis\AppData\Local\Temp\arduino\sketches\33EF3EC6FA83853433EA1AB0D3F98024/..\..\cores\543a3ef3acd86a1cf2c818821563c606\core.a(cortex_handlers.c.o)
                0x00007710                Reset_Handler
 .text.SysTick_Handler
                0x00007764       0x10 C:\Users\cgriffis\AppData\Local\Temp\arduino\sketches\33EF3EC6FA83853433EA1AB0D3F98024/..\..\cores\543a3ef3acd86a1cf2c818821563c606\core.a(cortex_handlers.c.o)
                0x00007764                SysTick_Handler
 .text.USB_SetHandler
                0x00007774        0xc C:\Users\cgriffis\AppData\Local\Temp\arduino\sketches\33EF3EC6FA83853433EA1AB0D3F98024/..\..\cores\543a3ef3acd86a1cf2c818821563c606\core.a(cortex_handlers.c.o)
                0x00007774                USB_SetHandler
 .text.micros   0x00007780       0x60 C:\Users\cgriffis\AppData\Local\Temp\arduino\sketches\33EF3EC6FA83853433EA1AB0D3F98024/..\..\cores\543a3ef3acd86a1cf2c818821563c606\core.a(delay.c.o)
                0x00007780                micros
 .text.delay    0x000077e0       0x2c C:\Users\cgriffis\AppData\Local\Temp\arduino\sketches\33EF3EC6FA83853433EA1AB0D3F98024/..\..\cores\543a3ef3acd86a1cf2c818821563c606\core.a(delay.c.o)
                0x000077e0                delay
 .text.SysTick_DefaultHandler
                0x0000780c       0x14 C:\Users\cgriffis\AppData\Local\Temp\arduino\sketches\33EF3EC6FA83853433EA1AB0D3F98024/..\..\cores\543a3ef3acd86a1cf2c818821563c606\core.a(delay.c.o)
                0x0000780c                SysTick_DefaultHandler
 .text.__empty  0x00007820        0x2 C:\Users\cgriffis\AppData\Local\Temp\arduino\sketches\33EF3EC6FA83853433EA1AB0D3F98024/..\..\cores\543a3ef3acd86a1cf2c818821563c606\core.a(hooks.c.o)
                0x00007820                yield
 .text._Z11initVariantv
                0x00007822        0x2 C:\Users\cgriffis\AppData\Local\Temp\arduino\sketches\33EF3EC6FA83853433EA1AB0D3F98024/..\..\cores\543a3ef3acd86a1cf2c818821563c606\core.a(main.cpp.o)
                0x00007822                initVariant()
 .text.startup.main
                0x00007824       0x44 C:\Users\cgriffis\AppData\Local\Temp\arduino\sketches\33EF3EC6FA83853433EA1AB0D3F98024/..\..\cores\543a3ef3acd86a1cf2c818821563c606\core.a(main.cpp.o)
                0x00007824                main
 .text._Znwj    0x00007868        0x8 C:\Users\cgriffis\AppData\Local\Temp\arduino\sketches\33EF3EC6FA83853433EA1AB0D3F98024/..\..\cores\543a3ef3acd86a1cf2c818821563c606\core.a(new.cpp.o)
                0x00007868                operator new(unsigned int)
 .text._ZdlPv   0x00007870        0x8 C:\Users\cgriffis\AppData\Local\Temp\arduino\sketches\33EF3EC6FA83853433EA1AB0D3F98024/..\..\cores\543a3ef3acd86a1cf2c818821563c606\core.a(new.cpp.o)
                0x00007870                operator delete(void*)
 .text.SystemInit
                0x00007878      0x160 C:\Users\cgriffis\AppData\Local\Temp\arduino\sketches\33EF3EC6FA83853433EA1AB0D3F98024/..\..\cores\543a3ef3acd86a1cf2c818821563c606\core.a(startup.c.o)
                0x00007878                SystemInit
 .text.init     0x000079d8       0xe0 C:\Users\cgriffis\AppData\Local\Temp\arduino\sketches\33EF3EC6FA83853433EA1AB0D3F98024/..\..\cores\543a3ef3acd86a1cf2c818821563c606\core.a(wiring.c.o)
                0x000079d8                init
 .text.analogReference
                0x00007ab8       0x88 C:\Users\cgriffis\AppData\Local\Temp\arduino\sketches\33EF3EC6FA83853433EA1AB0D3F98024/..\..\cores\543a3ef3acd86a1cf2c818821563c606\core.a(wiring_analog.c.o)
                0x00007ab8                analogReference
 .text.pinMode  0x00007b40       0x60 C:\Users\cgriffis\AppData\Local\Temp\arduino\sketches\33EF3EC6FA83853433EA1AB0D3F98024/..\..\cores\543a3ef3acd86a1cf2c818821563c606\core.a(wiring_digital.c.o)
                0x00007b40                pinMode
 .text.digitalWrite
                0x00007ba0       0x58 C:\Users\cgriffis\AppData\Local\Temp\arduino\sketches\33EF3EC6FA83853433EA1AB0D3F98024/..\..\cores\543a3ef3acd86a1cf2c818821563c606\core.a(wiring_digital.c.o)
                0x00007ba0                digitalWrite
 .text.pinPeripheral
                0x00007bf8       0xbc C:\Users\cgriffis\AppData\Local\Temp\arduino\sketches\33EF3EC6FA83853433EA1AB0D3F98024/..\..\cores\543a3ef3acd86a1cf2c818821563c606\core.a(wiring_private.c.o)
                0x00007bf8                pinPeripheral
 .text.initiateReset
                0x00007cb4        0xc C:\Users\cgriffis\AppData\Local\Temp\arduino\sketches\33EF3EC6FA83853433EA1AB0D3F98024/..\..\cores\543a3ef3acd86a1cf2c818821563c606\core.a(Reset.cpp.o)
                0x00007cb4                initiateReset
 .text.cancelReset
                0x00007cc0       0x10 C:\Users\cgriffis\AppData\Local\Temp\arduino\sketches\33EF3EC6FA83853433EA1AB0D3F98024/..\..\cores\543a3ef3acd86a1cf2c818821563c606\core.a(Reset.cpp.o)
                0x00007cc0                cancelReset
 .text.tickReset
                0x00007cd0       0x74 C:\Users\cgriffis\AppData\Local\Temp\arduino\sketches\33EF3EC6FA83853433EA1AB0D3F98024/..\..\cores\543a3ef3acd86a1cf2c818821563c606\core.a(Reset.cpp.o)
                0x00007cd0                tickReset
 .text._ZN13PluggableUSB_12getInterfaceEPh
                0x00007d44       0x28 C:\Users\cgriffis\AppData\Local\Temp\arduino\sketches\33EF3EC6FA83853433EA1AB0D3F98024/..\..\cores\543a3ef3acd86a1cf2c818821563c606\core.a(PluggableUSB.cpp.o)
                0x00007d44                PluggableUSB_::getInterface(unsigned char*)
 .text._ZN13PluggableUSB_13getDescriptorER8USBSetup
                0x00007d6c       0x20 C:\Users\cgriffis\AppData\Local\Temp\arduino\sketches\33EF3EC6FA83853433EA1AB0D3F98024/..\..\cores\543a3ef3acd86a1cf2c818821563c606\core.a(PluggableUSB.cpp.o)
                0x00007d6c                PluggableUSB_::getDescriptor(USBSetup&)
 .text._ZN13PluggableUSB_5setupER8USBSetup
                0x00007d8c       0x20 C:\Users\cgriffis\AppData\Local\Temp\arduino\sketches\33EF3EC6FA83853433EA1AB0D3F98024/..\..\cores\543a3ef3acd86a1cf2c818821563c606\core.a(PluggableUSB.cpp.o)
                0x00007d8c                PluggableUSB_::setup(USBSetup&)
 .text._Z12PluggableUSBv
                0x00007dac       0x28 C:\Users\cgriffis\AppData\Local\Temp\arduino\sketches\33EF3EC6FA83853433EA1AB0D3F98024/..\..\cores\543a3ef3acd86a1cf2c818821563c606\core.a(PluggableUSB.cpp.o)
                0x00007dac                PluggableUSB()
 .text._ZN20USBDevice_SAMD21G18x5resetEv
                0x00007dd4       0x2a C:\Users\cgriffis\AppData\Local\Temp\arduino\sketches\33EF3EC6FA83853433EA1AB0D3F98024/..\..\cores\543a3ef3acd86a1cf2c818821563c606\core.a(SAMD21_USBDevice.cpp.o)
                0x00007dd4                USBDevice_SAMD21G18x::reset()
 *fill*         0x00007dfe        0x2 
 .text._ZN20USBDevice_SAMD21G18x9calibrateEv
                0x00007e00       0x60 C:\Users\cgriffis\AppData\Local\Temp\arduino\sketches\33EF3EC6FA83853433EA1AB0D3F98024/..\..\cores\543a3ef3acd86a1cf2c818821563c606\core.a(SAMD21_USBDevice.cpp.o)
                0x00007e00                USBDevice_SAMD21G18x::calibrate()
 .text          0x00007e60       0x14 c:/users/cgriffis/appdata/local/arduino15/packages/adafruit/tools/arm-none-eabi-gcc/9-2019q4/bin/../lib/gcc/arm-none-eabi/9.2.1/thumb/v6-m/nofp\libgcc.a(_thumb1_case_uqi.o)
                0x00007e60                __gnu_thumb1_case_uqi
 .text          0x00007e74       0x14 c:/users/cgriffis/appdata/local/arduino15/packages/adafruit/tools/arm-none-eabi-gcc/9-2019q4/bin/../lib/gcc/arm-none-eabi/9.2.1/thumb/v6-m/nofp\libgcc.a(_thumb1_case_uhi.o)
                0x00007e74                __gnu_thumb1_case_uhi